Looking to launch executable "/home/mahullocaladmin/Desktop/projects/Arima_hic_mapping_snakemake/.snakemake/conda/6efcc7ebee2600c15f1549ab18f1f0c8_/bin/bwa-mem2.avx2", simd = .avx2
Launching executable "/home/mahullocaladmin/Desktop/projects/Arima_hic_mapping_snakemake/.snakemake/conda/6efcc7ebee2600c15f1549ab18f1f0c8_/bin/bwa-mem2.avx2"
-----------------------------
Executing in AVX2 mode!!
-----------------------------
* SA compression enabled with xfactor: 8
* Ref file: data/references/ISO1_r6.58/dmel-all-chromosome-r6.58.fasta
* Entering FMI_search
* Index file found. Loading index from data/references/ISO1_r6.58/dmel-all-chromosome-r6.58.fasta.bwt.2bit.64
* Reference seq len for bi-index = 287452005
* sentinel-index: 117360390
* Count:
0,	1
1,	83259766
2,	143726003
3,	204192240
4,	287452005

* Reading other elements of the index from files data/references/ISO1_r6.58/dmel-all-chromosome-r6.58.fasta
* Index prefix: data/references/ISO1_r6.58/dmel-all-chromosome-r6.58.fasta
* Read 0 ALT contigs
* Done reading Index!!
* Reading reference genome..
* Binary seq file = data/references/ISO1_r6.58/dmel-all-chromosome-r6.58.fasta.0123
* Reference genome size: 287452004 bp
* Done reading reference genome !!

------------------------------------------
1. Memory pre-allocation for Chaining: 1114.7223 MB
2. Memory pre-allocation for BSW: 1916.9362 MB
3. Memory pre-allocation for BWT: 618.5134 MB
------------------------------------------
* Threads used (compute): 8
* No. of pipeline threads: 2

[0000] read_chunk: 80000000, work_chunk_size: 80000116, nseq: 547946
	[0000][ M::kt_pipeline] read 547946 sequences (80000116 bp)...
[0000] Reallocating initial memory allocations!!
[0000] Calling mem_process_seqs.., task: 0
[0000] 1. Calling kt_for - worker_bwt
[0000] read_chunk: 80000000, work_chunk_size: 80000116, nseq: 547946
	[0000][ M::kt_pipeline] read 547946 sequences (80000116 bp)...
[0000] 2. Calling kt_for - worker_aln
[0000] 3. Calling kt_for - worker_sam
	[0000][ M::mem_process_seqs] Processed 547946 reads in 53.010 CPU sec, 6.560 real sec
[0000] Calling mem_process_seqs.., task: 1
[0000] 1. Calling kt_for - worker_bwt
[0000] 2. Calling kt_for - worker_aln
[0000] read_chunk: 80000000, work_chunk_size: 80000116, nseq: 547946
	[0000][ M::kt_pipeline] read 547946 sequences (80000116 bp)...
[0000] 3. Calling kt_for - worker_sam
	[0000][ M::mem_process_seqs] Processed 547946 reads in 61.499 CPU sec, 7.569 real sec
[0000] Calling mem_process_seqs.., task: 2
[0000] 1. Calling kt_for - worker_bwt
[0000] 2. Calling kt_for - worker_aln
[0000] read_chunk: 80000000, work_chunk_size: 80000116, nseq: 547946
	[0000][ M::kt_pipeline] read 547946 sequences (80000116 bp)...
[0000] 3. Calling kt_for - worker_sam
	[0000][ M::mem_process_seqs] Processed 547946 reads in 88.775 CPU sec, 11.038 real sec
[0000] Calling mem_process_seqs.., task: 3
[0000] 1. Calling kt_for - worker_bwt
[0000] 2. Calling kt_for - worker_aln
[0000] read_chunk: 80000000, work_chunk_size: 80000116, nseq: 547946
	[0000][ M::kt_pipeline] read 547946 sequences (80000116 bp)...
[0000] 3. Calling kt_for - worker_sam
	[0000][ M::mem_process_seqs] Processed 547946 reads in 93.305 CPU sec, 12.265 real sec
[0000] Calling mem_process_seqs.., task: 4
[0000] 1. Calling kt_for - worker_bwt
[0000] 2. Calling kt_for - worker_aln
[0000] read_chunk: 80000000, work_chunk_size: 80000116, nseq: 547946
	[0000][ M::kt_pipeline] read 547946 sequences (80000116 bp)...
[0000] 3. Calling kt_for - worker_sam
	[0000][ M::mem_process_seqs] Processed 547946 reads in 85.531 CPU sec, 11.074 real sec
[0000] Calling mem_process_seqs.., task: 5
[0000] 1. Calling kt_for - worker_bwt
[0000] 2. Calling kt_for - worker_aln
[0000] read_chunk: 80000000, work_chunk_size: 80000116, nseq: 547946
	[0000][ M::kt_pipeline] read 547946 sequences (80000116 bp)...
[0000] 3. Calling kt_for - worker_sam
	[0000][ M::mem_process_seqs] Processed 547946 reads in 91.951 CPU sec, 12.276 real sec
[0000] Calling mem_process_seqs.., task: 6
[0000] 1. Calling kt_for - worker_bwt
[0000] 2. Calling kt_for - worker_aln
[0000] read_chunk: 80000000, work_chunk_size: 80000116, nseq: 547946
	[0000][ M::kt_pipeline] read 547946 sequences (80000116 bp)...
[0000] 3. Calling kt_for - worker_sam
	[0000][ M::mem_process_seqs] Processed 547946 reads in 93.446 CPU sec, 12.431 real sec
[0000] Calling mem_process_seqs.., task: 7
[0000] 1. Calling kt_for - worker_bwt
[0000] 2. Calling kt_for - worker_aln
[0000] read_chunk: 80000000, work_chunk_size: 80000116, nseq: 547946
	[0000][ M::kt_pipeline] read 547946 sequences (80000116 bp)...
[0000] 3. Calling kt_for - worker_sam
	[0000][ M::mem_process_seqs] Processed 547946 reads in 89.487 CPU sec, 11.642 real sec
[0000] Calling mem_process_seqs.., task: 8
[0000] 1. Calling kt_for - worker_bwt
[0000] 2. Calling kt_for - worker_aln
[0000] read_chunk: 80000000, work_chunk_size: 80000116, nseq: 547946
	[0000][ M::kt_pipeline] read 547946 sequences (80000116 bp)...
[0000] 3. Calling kt_for - worker_sam
	[0000][ M::mem_process_seqs] Processed 547946 reads in 89.797 CPU sec, 12.078 real sec
[0000] Calling mem_process_seqs.., task: 9
[0000] 1. Calling kt_for - worker_bwt
[0000] 2. Calling kt_for - worker_aln
[0000] read_chunk: 80000000, work_chunk_size: 80000116, nseq: 547946
	[0000][ M::kt_pipeline] read 547946 sequences (80000116 bp)...
[0000] 3. Calling kt_for - worker_sam
	[0000][ M::mem_process_seqs] Processed 547946 reads in 90.428 CPU sec, 11.880 real sec
[0000] Calling mem_process_seqs.., task: 10
[0000] 1. Calling kt_for - worker_bwt
[0000] 2. Calling kt_for - worker_aln
[0000] read_chunk: 80000000, work_chunk_size: 80000116, nseq: 547946
	[0000][ M::kt_pipeline] read 547946 sequences (80000116 bp)...
[0000] 3. Calling kt_for - worker_sam
	[0000][ M::mem_process_seqs] Processed 547946 reads in 88.561 CPU sec, 11.619 real sec
[0000] Calling mem_process_seqs.., task: 11
[0000] 1. Calling kt_for - worker_bwt
[0000] 2. Calling kt_for - worker_aln
[0000] read_chunk: 80000000, work_chunk_size: 80000116, nseq: 547946
	[0000][ M::kt_pipeline] read 547946 sequences (80000116 bp)...
[0000] 3. Calling kt_for - worker_sam
	[0000][ M::mem_process_seqs] Processed 547946 reads in 94.696 CPU sec, 12.587 real sec
[0000] Calling mem_process_seqs.., task: 12
[0000] 1. Calling kt_for - worker_bwt
[0000] 2. Calling kt_for - worker_aln
[0000] read_chunk: 80000000, work_chunk_size: 80000116, nseq: 547946
	[0000][ M::kt_pipeline] read 547946 sequences (80000116 bp)...
[0000] 3. Calling kt_for - worker_sam
	[0000][ M::mem_process_seqs] Processed 547946 reads in 88.480 CPU sec, 11.457 real sec
[0000] Calling mem_process_seqs.., task: 13
[0000] 1. Calling kt_for - worker_bwt
[0000] 2. Calling kt_for - worker_aln
[0000] read_chunk: 80000000, work_chunk_size: 80000116, nseq: 547946
	[0000][ M::kt_pipeline] read 547946 sequences (80000116 bp)...
[0000] 3. Calling kt_for - worker_sam
	[0000][ M::mem_process_seqs] Processed 547946 reads in 88.005 CPU sec, 11.356 real sec
[0000] Calling mem_process_seqs.., task: 14
[0000] 1. Calling kt_for - worker_bwt
[0000] 2. Calling kt_for - worker_aln
[0000] read_chunk: 80000000, work_chunk_size: 80000116, nseq: 547946
	[0000][ M::kt_pipeline] read 547946 sequences (80000116 bp)...
[0000] 3. Calling kt_for - worker_sam
	[0000][ M::mem_process_seqs] Processed 547946 reads in 91.567 CPU sec, 12.030 real sec
[0000] Calling mem_process_seqs.., task: 15
[0000] 1. Calling kt_for - worker_bwt
[0000] 2. Calling kt_for - worker_aln
[0000] read_chunk: 80000000, work_chunk_size: 80000116, nseq: 547946
	[0000][ M::kt_pipeline] read 547946 sequences (80000116 bp)...
[0000] 3. Calling kt_for - worker_sam
	[0000][ M::mem_process_seqs] Processed 547946 reads in 88.111 CPU sec, 11.903 real sec
[0000] Calling mem_process_seqs.., task: 16
[0000] 1. Calling kt_for - worker_bwt
[0000] 2. Calling kt_for - worker_aln
[0000] read_chunk: 80000000, work_chunk_size: 80000116, nseq: 547946
	[0000][ M::kt_pipeline] read 547946 sequences (80000116 bp)...
[0000] 3. Calling kt_for - worker_sam
	[0000][ M::mem_process_seqs] Processed 547946 reads in 92.767 CPU sec, 12.495 real sec
[0000] Calling mem_process_seqs.., task: 17
[0000] 1. Calling kt_for - worker_bwt
[0000] 2. Calling kt_for - worker_aln
[0000] read_chunk: 80000000, work_chunk_size: 80000116, nseq: 547946
	[0000][ M::kt_pipeline] read 547946 sequences (80000116 bp)...
[0000] 3. Calling kt_for - worker_sam
	[0000][ M::mem_process_seqs] Processed 547946 reads in 88.904 CPU sec, 11.838 real sec
[0000] Calling mem_process_seqs.., task: 18
[0000] 1. Calling kt_for - worker_bwt
[0000] 2. Calling kt_for - worker_aln
[0000] read_chunk: 80000000, work_chunk_size: 80000116, nseq: 547946
	[0000][ M::kt_pipeline] read 547946 sequences (80000116 bp)...
[0000] 3. Calling kt_for - worker_sam
	[0000][ M::mem_process_seqs] Processed 547946 reads in 90.150 CPU sec, 11.712 real sec
[0000] Calling mem_process_seqs.., task: 19
[0000] 1. Calling kt_for - worker_bwt
[0000] 2. Calling kt_for - worker_aln
[0000] read_chunk: 80000000, work_chunk_size: 80000116, nseq: 547946
	[0000][ M::kt_pipeline] read 547946 sequences (80000116 bp)...
[0000] 3. Calling kt_for - worker_sam
	[0000][ M::mem_process_seqs] Processed 547946 reads in 88.539 CPU sec, 11.983 real sec
[0000] Calling mem_process_seqs.., task: 20
[0000] 1. Calling kt_for - worker_bwt
[0000] 2. Calling kt_for - worker_aln
[0000] read_chunk: 80000000, work_chunk_size: 80000116, nseq: 547946
	[0000][ M::kt_pipeline] read 547946 sequences (80000116 bp)...
[0000] 3. Calling kt_for - worker_sam
	[0000][ M::mem_process_seqs] Processed 547946 reads in 97.364 CPU sec, 12.698 real sec
[0000] Calling mem_process_seqs.., task: 21
[0000] 1. Calling kt_for - worker_bwt
[0000] 2. Calling kt_for - worker_aln
[0000] read_chunk: 80000000, work_chunk_size: 80000116, nseq: 547946
	[0000][ M::kt_pipeline] read 547946 sequences (80000116 bp)...
[0000] 3. Calling kt_for - worker_sam
	[0000][ M::mem_process_seqs] Processed 547946 reads in 89.347 CPU sec, 11.746 real sec
[0000] Calling mem_process_seqs.., task: 22
[0000] 1. Calling kt_for - worker_bwt
[0000] 2. Calling kt_for - worker_aln
[0000] read_chunk: 80000000, work_chunk_size: 80000116, nseq: 547946
	[0000][ M::kt_pipeline] read 547946 sequences (80000116 bp)...
[0000] 3. Calling kt_for - worker_sam
	[0000][ M::mem_process_seqs] Processed 547946 reads in 94.797 CPU sec, 12.629 real sec
[0000] Calling mem_process_seqs.., task: 23
[0000] 1. Calling kt_for - worker_bwt
[0000] 2. Calling kt_for - worker_aln
[0000] read_chunk: 80000000, work_chunk_size: 80000116, nseq: 547946
	[0000][ M::kt_pipeline] read 547946 sequences (80000116 bp)...
[0000] 3. Calling kt_for - worker_sam
	[0000][ M::mem_process_seqs] Processed 547946 reads in 94.722 CPU sec, 12.836 real sec
[0000] Calling mem_process_seqs.., task: 24
[0000] 1. Calling kt_for - worker_bwt
[0000] 2. Calling kt_for - worker_aln
[0000] read_chunk: 80000000, work_chunk_size: 80000116, nseq: 547946
	[0000][ M::kt_pipeline] read 547946 sequences (80000116 bp)...
[0000] 3. Calling kt_for - worker_sam
	[0000][ M::mem_process_seqs] Processed 547946 reads in 93.748 CPU sec, 12.548 real sec
[0000] Calling mem_process_seqs.., task: 25
[0000] 1. Calling kt_for - worker_bwt
[0000] 2. Calling kt_for - worker_aln
[0000] read_chunk: 80000000, work_chunk_size: 80000116, nseq: 547946
	[0000][ M::kt_pipeline] read 547946 sequences (80000116 bp)...
[0000] 3. Calling kt_for - worker_sam
	[0000][ M::mem_process_seqs] Processed 547946 reads in 93.821 CPU sec, 12.692 real sec
[0000] Calling mem_process_seqs.., task: 26
[0000] 1. Calling kt_for - worker_bwt
[0000] 2. Calling kt_for - worker_aln
[0000] read_chunk: 80000000, work_chunk_size: 80000116, nseq: 547946
	[0000][ M::kt_pipeline] read 547946 sequences (80000116 bp)...
[0000] 3. Calling kt_for - worker_sam
	[0000][ M::mem_process_seqs] Processed 547946 reads in 93.896 CPU sec, 12.592 real sec
[0000] Calling mem_process_seqs.., task: 27
[0000] 1. Calling kt_for - worker_bwt
[0000] 2. Calling kt_for - worker_aln
[0000] read_chunk: 80000000, work_chunk_size: 80000116, nseq: 547946
	[0000][ M::kt_pipeline] read 547946 sequences (80000116 bp)...
[0000] 3. Calling kt_for - worker_sam
	[0000][ M::mem_process_seqs] Processed 547946 reads in 96.424 CPU sec, 12.681 real sec
[0000] Calling mem_process_seqs.., task: 28
[0000] 1. Calling kt_for - worker_bwt
[0000] 2. Calling kt_for - worker_aln
[0000] read_chunk: 80000000, work_chunk_size: 80000116, nseq: 547946
	[0000][ M::kt_pipeline] read 547946 sequences (80000116 bp)...
[0000] 3. Calling kt_for - worker_sam
	[0000][ M::mem_process_seqs] Processed 547946 reads in 102.396 CPU sec, 13.628 real sec
[0000] Calling mem_process_seqs.., task: 29
[0000] 1. Calling kt_for - worker_bwt
[0000] 2. Calling kt_for - worker_aln
[0000] read_chunk: 80000000, work_chunk_size: 80000116, nseq: 547946
	[0000][ M::kt_pipeline] read 547946 sequences (80000116 bp)...
[0000] 3. Calling kt_for - worker_sam
	[0000][ M::mem_process_seqs] Processed 547946 reads in 93.178 CPU sec, 12.287 real sec
[0000] Calling mem_process_seqs.., task: 30
[0000] 1. Calling kt_for - worker_bwt
[0000] 2. Calling kt_for - worker_aln
[0000] read_chunk: 80000000, work_chunk_size: 80000116, nseq: 547946
	[0000][ M::kt_pipeline] read 547946 sequences (80000116 bp)...
[0000] 3. Calling kt_for - worker_sam
	[0000][ M::mem_process_seqs] Processed 547946 reads in 93.555 CPU sec, 12.529 real sec
[0000] Calling mem_process_seqs.., task: 31
[0000] 1. Calling kt_for - worker_bwt
[0000] 2. Calling kt_for - worker_aln
[0000] read_chunk: 80000000, work_chunk_size: 80000116, nseq: 547946
	[0000][ M::kt_pipeline] read 547946 sequences (80000116 bp)...
[0000] 3. Calling kt_for - worker_sam
	[0000][ M::mem_process_seqs] Processed 547946 reads in 91.490 CPU sec, 11.968 real sec
[0000] Calling mem_process_seqs.., task: 32
[0000] 1. Calling kt_for - worker_bwt
[0000] 2. Calling kt_for - worker_aln
[0000] read_chunk: 80000000, work_chunk_size: 80000116, nseq: 547946
	[0000][ M::kt_pipeline] read 547946 sequences (80000116 bp)...
[0000] 3. Calling kt_for - worker_sam
	[0000][ M::mem_process_seqs] Processed 547946 reads in 97.952 CPU sec, 13.251 real sec
[0000] Calling mem_process_seqs.., task: 33
[0000] 1. Calling kt_for - worker_bwt
[0000] 2. Calling kt_for - worker_aln
[0000] read_chunk: 80000000, work_chunk_size: 80000116, nseq: 547946
	[0000][ M::kt_pipeline] read 547946 sequences (80000116 bp)...
[0000] 3. Calling kt_for - worker_sam
	[0000][ M::mem_process_seqs] Processed 547946 reads in 93.260 CPU sec, 12.273 real sec
[0000] Calling mem_process_seqs.., task: 34
[0000] 1. Calling kt_for - worker_bwt
[0000] 2. Calling kt_for - worker_aln
[0000] read_chunk: 80000000, work_chunk_size: 80000116, nseq: 547946
	[0000][ M::kt_pipeline] read 547946 sequences (80000116 bp)...
[0000] 3. Calling kt_for - worker_sam
	[0000][ M::mem_process_seqs] Processed 547946 reads in 94.069 CPU sec, 12.323 real sec
[0000] Calling mem_process_seqs.., task: 35
[0000] 1. Calling kt_for - worker_bwt
[0000] 2. Calling kt_for - worker_aln
[0000] read_chunk: 80000000, work_chunk_size: 80000116, nseq: 547946
	[0000][ M::kt_pipeline] read 547946 sequences (80000116 bp)...
[0000] 3. Calling kt_for - worker_sam
	[0000][ M::mem_process_seqs] Processed 547946 reads in 91.869 CPU sec, 12.300 real sec
[0000] Calling mem_process_seqs.., task: 36
[0000] 1. Calling kt_for - worker_bwt
[0000] 2. Calling kt_for - worker_aln
[0000] read_chunk: 80000000, work_chunk_size: 80000116, nseq: 547946
	[0000][ M::kt_pipeline] read 547946 sequences (80000116 bp)...
[0000] 3. Calling kt_for - worker_sam
	[0000][ M::mem_process_seqs] Processed 547946 reads in 86.483 CPU sec, 11.442 real sec
[0000] Calling mem_process_seqs.., task: 37
[0000] 1. Calling kt_for - worker_bwt
[0000] 2. Calling kt_for - worker_aln
[0000] read_chunk: 80000000, work_chunk_size: 80000116, nseq: 547946
	[0000][ M::kt_pipeline] read 547946 sequences (80000116 bp)...
[0000] 3. Calling kt_for - worker_sam
	[0000][ M::mem_process_seqs] Processed 547946 reads in 92.015 CPU sec, 12.337 real sec
[0000] Calling mem_process_seqs.., task: 38
[0000] 1. Calling kt_for - worker_bwt
[0000] 2. Calling kt_for - worker_aln
[0000] read_chunk: 80000000, work_chunk_size: 80000116, nseq: 547946
	[0000][ M::kt_pipeline] read 547946 sequences (80000116 bp)...
[0000] 3. Calling kt_for - worker_sam
	[0000][ M::mem_process_seqs] Processed 547946 reads in 96.449 CPU sec, 12.749 real sec
[0000] Calling mem_process_seqs.., task: 39
[0000] 1. Calling kt_for - worker_bwt
[0000] 2. Calling kt_for - worker_aln
[0000] read_chunk: 80000000, work_chunk_size: 80000116, nseq: 547946
	[0000][ M::kt_pipeline] read 547946 sequences (80000116 bp)...
[0000] 3. Calling kt_for - worker_sam
	[0000][ M::mem_process_seqs] Processed 547946 reads in 95.060 CPU sec, 12.743 real sec
[0000] Calling mem_process_seqs.., task: 40
[0000] 1. Calling kt_for - worker_bwt
[0000] 2. Calling kt_for - worker_aln
[0000] read_chunk: 80000000, work_chunk_size: 80000116, nseq: 547946
	[0000][ M::kt_pipeline] read 547946 sequences (80000116 bp)...
[0000] 3. Calling kt_for - worker_sam
	[0000][ M::mem_process_seqs] Processed 547946 reads in 94.134 CPU sec, 12.785 real sec
[0000] Calling mem_process_seqs.., task: 41
[0000] 1. Calling kt_for - worker_bwt
[0000] 2. Calling kt_for - worker_aln
[0000] read_chunk: 80000000, work_chunk_size: 80000116, nseq: 547946
	[0000][ M::kt_pipeline] read 547946 sequences (80000116 bp)...
[0000] 3. Calling kt_for - worker_sam
	[0000][ M::mem_process_seqs] Processed 547946 reads in 89.744 CPU sec, 11.855 real sec
[0000] Calling mem_process_seqs.., task: 42
[0000] 1. Calling kt_for - worker_bwt
[0000] 2. Calling kt_for - worker_aln
[0000] read_chunk: 80000000, work_chunk_size: 80000116, nseq: 547946
	[0000][ M::kt_pipeline] read 547946 sequences (80000116 bp)...
[0000] 3. Calling kt_for - worker_sam
	[0000][ M::mem_process_seqs] Processed 547946 reads in 97.144 CPU sec, 13.068 real sec
[0000] Calling mem_process_seqs.., task: 43
[0000] 1. Calling kt_for - worker_bwt
[0000] 2. Calling kt_for - worker_aln
[0000] read_chunk: 80000000, work_chunk_size: 80000116, nseq: 547946
	[0000][ M::kt_pipeline] read 547946 sequences (80000116 bp)...
[0000] 3. Calling kt_for - worker_sam
	[0000][ M::mem_process_seqs] Processed 547946 reads in 91.700 CPU sec, 12.131 real sec
[0000] Calling mem_process_seqs.., task: 44
[0000] 1. Calling kt_for - worker_bwt
[0000] 2. Calling kt_for - worker_aln
[0000] read_chunk: 80000000, work_chunk_size: 80000116, nseq: 547946
	[0000][ M::kt_pipeline] read 547946 sequences (80000116 bp)...
[0000] 3. Calling kt_for - worker_sam
	[0000][ M::mem_process_seqs] Processed 547946 reads in 91.265 CPU sec, 11.933 real sec
[0000] Calling mem_process_seqs.., task: 45
[0000] 1. Calling kt_for - worker_bwt
[0000] 2. Calling kt_for - worker_aln
[0000] read_chunk: 80000000, work_chunk_size: 80000116, nseq: 547946
	[0000][ M::kt_pipeline] read 547946 sequences (80000116 bp)...
[0000] 3. Calling kt_for - worker_sam
	[0000][ M::mem_process_seqs] Processed 547946 reads in 92.798 CPU sec, 12.399 real sec
[0000] Calling mem_process_seqs.., task: 46
[0000] 1. Calling kt_for - worker_bwt
[0000] 2. Calling kt_for - worker_aln
[0000] read_chunk: 80000000, work_chunk_size: 80000116, nseq: 547946
	[0000][ M::kt_pipeline] read 547946 sequences (80000116 bp)...
[0000] 3. Calling kt_for - worker_sam
	[0000][ M::mem_process_seqs] Processed 547946 reads in 92.988 CPU sec, 12.225 real sec
[0000] Calling mem_process_seqs.., task: 47
[0000] 1. Calling kt_for - worker_bwt
[0000] 2. Calling kt_for - worker_aln
[0000] read_chunk: 80000000, work_chunk_size: 80000116, nseq: 547946
	[0000][ M::kt_pipeline] read 547946 sequences (80000116 bp)...
[0000] 3. Calling kt_for - worker_sam
	[0000][ M::mem_process_seqs] Processed 547946 reads in 95.324 CPU sec, 12.757 real sec
[0000] Calling mem_process_seqs.., task: 48
[0000] 1. Calling kt_for - worker_bwt
[0000] 2. Calling kt_for - worker_aln
[0000] read_chunk: 80000000, work_chunk_size: 80000116, nseq: 547946
	[0000][ M::kt_pipeline] read 547946 sequences (80000116 bp)...
[0000] 3. Calling kt_for - worker_sam
	[0000][ M::mem_process_seqs] Processed 547946 reads in 90.075 CPU sec, 12.020 real sec
[0000] Calling mem_process_seqs.., task: 49
[0000] 1. Calling kt_for - worker_bwt
[0000] 2. Calling kt_for - worker_aln
[0000] read_chunk: 80000000, work_chunk_size: 80000116, nseq: 547946
	[0000][ M::kt_pipeline] read 547946 sequences (80000116 bp)...
[0000] 3. Calling kt_for - worker_sam
	[0000][ M::mem_process_seqs] Processed 547946 reads in 89.453 CPU sec, 11.980 real sec
[0000] Calling mem_process_seqs.., task: 50
[0000] 1. Calling kt_for - worker_bwt
[0000] 2. Calling kt_for - worker_aln
[0000] read_chunk: 80000000, work_chunk_size: 80000116, nseq: 547946
	[0000][ M::kt_pipeline] read 547946 sequences (80000116 bp)...
[0000] 3. Calling kt_for - worker_sam
	[0000][ M::mem_process_seqs] Processed 547946 reads in 92.003 CPU sec, 12.499 real sec
[0000] Calling mem_process_seqs.., task: 51
[0000] 1. Calling kt_for - worker_bwt
[0000] 2. Calling kt_for - worker_aln
[0000] read_chunk: 80000000, work_chunk_size: 80000116, nseq: 547946
	[0000][ M::kt_pipeline] read 547946 sequences (80000116 bp)...
[0000] 3. Calling kt_for - worker_sam
	[0000][ M::mem_process_seqs] Processed 547946 reads in 96.641 CPU sec, 12.799 real sec
[0000] Calling mem_process_seqs.., task: 52
[0000] 1. Calling kt_for - worker_bwt
[0000] 2. Calling kt_for - worker_aln
[0000] read_chunk: 80000000, work_chunk_size: 80000116, nseq: 547946
	[0000][ M::kt_pipeline] read 547946 sequences (80000116 bp)...
[0000] 3. Calling kt_for - worker_sam
	[0000][ M::mem_process_seqs] Processed 547946 reads in 89.668 CPU sec, 11.953 real sec
[0000] Calling mem_process_seqs.., task: 53
[0000] 1. Calling kt_for - worker_bwt
[0000] 2. Calling kt_for - worker_aln
[0000] read_chunk: 80000000, work_chunk_size: 80000116, nseq: 547946
	[0000][ M::kt_pipeline] read 547946 sequences (80000116 bp)...
[0000] 3. Calling kt_for - worker_sam
	[0000][ M::mem_process_seqs] Processed 547946 reads in 100.023 CPU sec, 13.153 real sec
[0000] Calling mem_process_seqs.., task: 54
[0000] 1. Calling kt_for - worker_bwt
[0000] 2. Calling kt_for - worker_aln
[0000] read_chunk: 80000000, work_chunk_size: 80000116, nseq: 547946
	[0000][ M::kt_pipeline] read 547946 sequences (80000116 bp)...
[0000] 3. Calling kt_for - worker_sam
	[0000][ M::mem_process_seqs] Processed 547946 reads in 94.466 CPU sec, 12.439 real sec
[0000] Calling mem_process_seqs.., task: 55
[0000] 1. Calling kt_for - worker_bwt
[0000] 2. Calling kt_for - worker_aln
[0000] read_chunk: 80000000, work_chunk_size: 80000116, nseq: 547946
	[0000][ M::kt_pipeline] read 547946 sequences (80000116 bp)...
[0000] 3. Calling kt_for - worker_sam
	[0000][ M::mem_process_seqs] Processed 547946 reads in 84.297 CPU sec, 11.085 real sec
[0000] Calling mem_process_seqs.., task: 56
[0000] 1. Calling kt_for - worker_bwt
[0000] 2. Calling kt_for - worker_aln
[0000] read_chunk: 80000000, work_chunk_size: 80000116, nseq: 547946
	[0000][ M::kt_pipeline] read 547946 sequences (80000116 bp)...
[0000] 3. Calling kt_for - worker_sam
	[0000][ M::mem_process_seqs] Processed 547946 reads in 95.868 CPU sec, 12.765 real sec
[0000] Calling mem_process_seqs.., task: 57
[0000] 1. Calling kt_for - worker_bwt
[0000] 2. Calling kt_for - worker_aln
[0000] read_chunk: 80000000, work_chunk_size: 80000116, nseq: 547946
	[0000][ M::kt_pipeline] read 547946 sequences (80000116 bp)...
[0000] 3. Calling kt_for - worker_sam
	[0000][ M::mem_process_seqs] Processed 547946 reads in 92.648 CPU sec, 12.512 real sec
[0000] Calling mem_process_seqs.., task: 58
[0000] 1. Calling kt_for - worker_bwt
[0000] 2. Calling kt_for - worker_aln
[0000] read_chunk: 80000000, work_chunk_size: 80000116, nseq: 547946
	[0000][ M::kt_pipeline] read 547946 sequences (80000116 bp)...
[0000] 3. Calling kt_for - worker_sam
	[0000][ M::mem_process_seqs] Processed 547946 reads in 92.122 CPU sec, 12.274 real sec
[0000] Calling mem_process_seqs.., task: 59
[0000] 1. Calling kt_for - worker_bwt
[0000] 2. Calling kt_for - worker_aln
[0000] read_chunk: 80000000, work_chunk_size: 80000116, nseq: 547946
	[0000][ M::kt_pipeline] read 547946 sequences (80000116 bp)...
[0000] 3. Calling kt_for - worker_sam
	[0000][ M::mem_process_seqs] Processed 547946 reads in 89.728 CPU sec, 12.009 real sec
[0000] Calling mem_process_seqs.., task: 60
[0000] 1. Calling kt_for - worker_bwt
[0000] 2. Calling kt_for - worker_aln
[0000] read_chunk: 80000000, work_chunk_size: 80000116, nseq: 547946
	[0000][ M::kt_pipeline] read 547946 sequences (80000116 bp)...
[0000] 3. Calling kt_for - worker_sam
	[0000][ M::mem_process_seqs] Processed 547946 reads in 98.538 CPU sec, 13.011 real sec
[0000] Calling mem_process_seqs.., task: 61
[0000] 1. Calling kt_for - worker_bwt
[0000] 2. Calling kt_for - worker_aln
[0000] read_chunk: 80000000, work_chunk_size: 80000116, nseq: 547946
	[0000][ M::kt_pipeline] read 547946 sequences (80000116 bp)...
[0000] 3. Calling kt_for - worker_sam
	[0000][ M::mem_process_seqs] Processed 547946 reads in 92.669 CPU sec, 12.055 real sec
[0000] Calling mem_process_seqs.., task: 62
[0000] 1. Calling kt_for - worker_bwt
[0000] 2. Calling kt_for - worker_aln
[0000] read_chunk: 80000000, work_chunk_size: 80000116, nseq: 547946
	[0000][ M::kt_pipeline] read 547946 sequences (80000116 bp)...
[0000] 3. Calling kt_for - worker_sam
	[0000][ M::mem_process_seqs] Processed 547946 reads in 88.290 CPU sec, 11.722 real sec
[0000] Calling mem_process_seqs.., task: 63
[0000] 1. Calling kt_for - worker_bwt
[0000] 2. Calling kt_for - worker_aln
[0000] read_chunk: 80000000, work_chunk_size: 80000116, nseq: 547946
	[0000][ M::kt_pipeline] read 547946 sequences (80000116 bp)...
[0000] 3. Calling kt_for - worker_sam
	[0000][ M::mem_process_seqs] Processed 547946 reads in 92.853 CPU sec, 12.313 real sec
[0000] Calling mem_process_seqs.., task: 64
[0000] 1. Calling kt_for - worker_bwt
[0000] 2. Calling kt_for - worker_aln
[0000] read_chunk: 80000000, work_chunk_size: 80000116, nseq: 547946
	[0000][ M::kt_pipeline] read 547946 sequences (80000116 bp)...
[0000] 3. Calling kt_for - worker_sam
	[0000][ M::mem_process_seqs] Processed 547946 reads in 88.660 CPU sec, 11.553 real sec
[0000] Calling mem_process_seqs.., task: 65
[0000] 1. Calling kt_for - worker_bwt
[0000] 2. Calling kt_for - worker_aln
[0000] read_chunk: 80000000, work_chunk_size: 80000116, nseq: 547946
	[0000][ M::kt_pipeline] read 547946 sequences (80000116 bp)...
[0000] 3. Calling kt_for - worker_sam
	[0000][ M::mem_process_seqs] Processed 547946 reads in 95.394 CPU sec, 12.734 real sec
[0000] Calling mem_process_seqs.., task: 66
[0000] 1. Calling kt_for - worker_bwt
[0000] 2. Calling kt_for - worker_aln
[0000] read_chunk: 80000000, work_chunk_size: 80000116, nseq: 547946
	[0000][ M::kt_pipeline] read 547946 sequences (80000116 bp)...
[0000] 3. Calling kt_for - worker_sam
	[0000][ M::mem_process_seqs] Processed 547946 reads in 96.115 CPU sec, 12.905 real sec
[0000] Calling mem_process_seqs.., task: 67
[0000] 1. Calling kt_for - worker_bwt
[0000] 2. Calling kt_for - worker_aln
[0000] read_chunk: 80000000, work_chunk_size: 80000116, nseq: 547946
	[0000][ M::kt_pipeline] read 547946 sequences (80000116 bp)...
[0000] 3. Calling kt_for - worker_sam
	[0000][ M::mem_process_seqs] Processed 547946 reads in 94.414 CPU sec, 12.532 real sec
[0000] Calling mem_process_seqs.., task: 68
[0000] 1. Calling kt_for - worker_bwt
[0000] 2. Calling kt_for - worker_aln
[0000] read_chunk: 80000000, work_chunk_size: 80000116, nseq: 547946
	[0000][ M::kt_pipeline] read 547946 sequences (80000116 bp)...
[0000] 3. Calling kt_for - worker_sam
	[0000][ M::mem_process_seqs] Processed 547946 reads in 93.070 CPU sec, 11.965 real sec
[0000] Calling mem_process_seqs.., task: 69
[0000] 1. Calling kt_for - worker_bwt
[0000] 2. Calling kt_for - worker_aln
[0000] read_chunk: 80000000, work_chunk_size: 80000116, nseq: 547946
	[0000][ M::kt_pipeline] read 547946 sequences (80000116 bp)...
[0000] 3. Calling kt_for - worker_sam
	[0000][ M::mem_process_seqs] Processed 547946 reads in 90.045 CPU sec, 11.692 real sec
[0000] Calling mem_process_seqs.., task: 70
[0000] 1. Calling kt_for - worker_bwt
[0000] 2. Calling kt_for - worker_aln
[0000] read_chunk: 80000000, work_chunk_size: 80000116, nseq: 547946
	[0000][ M::kt_pipeline] read 547946 sequences (80000116 bp)...
[0000] 3. Calling kt_for - worker_sam
	[0000][ M::mem_process_seqs] Processed 547946 reads in 94.340 CPU sec, 12.484 real sec
[0000] Calling mem_process_seqs.., task: 71
[0000] 1. Calling kt_for - worker_bwt
[0000] 2. Calling kt_for - worker_aln
[0000] read_chunk: 80000000, work_chunk_size: 80000116, nseq: 547946
	[0000][ M::kt_pipeline] read 547946 sequences (80000116 bp)...
[0000] 3. Calling kt_for - worker_sam
	[0000][ M::mem_process_seqs] Processed 547946 reads in 89.391 CPU sec, 11.627 real sec
[0000] Calling mem_process_seqs.., task: 72
[0000] 1. Calling kt_for - worker_bwt
[0000] 2. Calling kt_for - worker_aln
[0000] read_chunk: 80000000, work_chunk_size: 80000116, nseq: 547946
	[0000][ M::kt_pipeline] read 547946 sequences (80000116 bp)...
[0000] 3. Calling kt_for - worker_sam
	[0000][ M::mem_process_seqs] Processed 547946 reads in 96.693 CPU sec, 12.611 real sec
[0000] Calling mem_process_seqs.., task: 73
[0000] 1. Calling kt_for - worker_bwt
[0000] 2. Calling kt_for - worker_aln
[0000] read_chunk: 80000000, work_chunk_size: 80000116, nseq: 547946
	[0000][ M::kt_pipeline] read 547946 sequences (80000116 bp)...
[0000] 3. Calling kt_for - worker_sam
	[0000][ M::mem_process_seqs] Processed 547946 reads in 88.184 CPU sec, 11.607 real sec
[0000] Calling mem_process_seqs.., task: 74
[0000] 1. Calling kt_for - worker_bwt
[0000] 2. Calling kt_for - worker_aln
[0000] read_chunk: 80000000, work_chunk_size: 80000116, nseq: 547946
	[0000][ M::kt_pipeline] read 547946 sequences (80000116 bp)...
[0000] 3. Calling kt_for - worker_sam
	[0000][ M::mem_process_seqs] Processed 547946 reads in 99.583 CPU sec, 13.346 real sec
[0000] Calling mem_process_seqs.., task: 75
[0000] 1. Calling kt_for - worker_bwt
[0000] 2. Calling kt_for - worker_aln
[0000] read_chunk: 80000000, work_chunk_size: 80000116, nseq: 547946
	[0000][ M::kt_pipeline] read 547946 sequences (80000116 bp)...
[0000] 3. Calling kt_for - worker_sam
	[0000][ M::mem_process_seqs] Processed 547946 reads in 97.565 CPU sec, 12.951 real sec
[0000] Calling mem_process_seqs.., task: 76
[0000] 1. Calling kt_for - worker_bwt
[0000] 2. Calling kt_for - worker_aln
[0000] read_chunk: 80000000, work_chunk_size: 80000116, nseq: 547946
	[0000][ M::kt_pipeline] read 547946 sequences (80000116 bp)...
[0000] 3. Calling kt_for - worker_sam
	[0000][ M::mem_process_seqs] Processed 547946 reads in 94.152 CPU sec, 12.719 real sec
[0000] Calling mem_process_seqs.., task: 77
[0000] 1. Calling kt_for - worker_bwt
[0000] 2. Calling kt_for - worker_aln
[0000] read_chunk: 80000000, work_chunk_size: 80000116, nseq: 547946
	[0000][ M::kt_pipeline] read 547946 sequences (80000116 bp)...
[0000] 3. Calling kt_for - worker_sam
	[0000][ M::mem_process_seqs] Processed 547946 reads in 87.378 CPU sec, 11.349 real sec
[0000] Calling mem_process_seqs.., task: 78
[0000] 1. Calling kt_for - worker_bwt
[0000] 2. Calling kt_for - worker_aln
[0000] read_chunk: 80000000, work_chunk_size: 80000116, nseq: 547946
	[0000][ M::kt_pipeline] read 547946 sequences (80000116 bp)...
[0000] 3. Calling kt_for - worker_sam
	[0000][ M::mem_process_seqs] Processed 547946 reads in 97.074 CPU sec, 13.058 real sec
[0000] Calling mem_process_seqs.., task: 79
[0000] 1. Calling kt_for - worker_bwt
[0000] 2. Calling kt_for - worker_aln
[0000] read_chunk: 80000000, work_chunk_size: 80000116, nseq: 547946
	[0000][ M::kt_pipeline] read 547946 sequences (80000116 bp)...
[0000] 3. Calling kt_for - worker_sam
	[0000][ M::mem_process_seqs] Processed 547946 reads in 95.983 CPU sec, 12.670 real sec
[0000] Calling mem_process_seqs.., task: 80
[0000] 1. Calling kt_for - worker_bwt
[0000] 2. Calling kt_for - worker_aln
[0000] read_chunk: 80000000, work_chunk_size: 80000116, nseq: 547946
	[0000][ M::kt_pipeline] read 547946 sequences (80000116 bp)...
[0000] 3. Calling kt_for - worker_sam
	[0000][ M::mem_process_seqs] Processed 547946 reads in 93.940 CPU sec, 12.348 real sec
[0000] Calling mem_process_seqs.., task: 81
[0000] 1. Calling kt_for - worker_bwt
[0000] 2. Calling kt_for - worker_aln
[0000] read_chunk: 80000000, work_chunk_size: 80000116, nseq: 547946
	[0000][ M::kt_pipeline] read 547946 sequences (80000116 bp)...
[0000] 3. Calling kt_for - worker_sam
	[0000][ M::mem_process_seqs] Processed 547946 reads in 89.323 CPU sec, 12.076 real sec
[0000] Calling mem_process_seqs.., task: 82
[0000] 1. Calling kt_for - worker_bwt
[0000] 2. Calling kt_for - worker_aln
[0000] read_chunk: 80000000, work_chunk_size: 80000116, nseq: 547946
	[0000][ M::kt_pipeline] read 547946 sequences (80000116 bp)...
[0000] 3. Calling kt_for - worker_sam
	[0000][ M::mem_process_seqs] Processed 547946 reads in 90.029 CPU sec, 11.809 real sec
[0000] Calling mem_process_seqs.., task: 83
[0000] 1. Calling kt_for - worker_bwt
[0000] 2. Calling kt_for - worker_aln
[0000] read_chunk: 80000000, work_chunk_size: 80000116, nseq: 547946
	[0000][ M::kt_pipeline] read 547946 sequences (80000116 bp)...
[0000] 3. Calling kt_for - worker_sam
	[0000][ M::mem_process_seqs] Processed 547946 reads in 92.771 CPU sec, 12.412 real sec
[0000] Calling mem_process_seqs.., task: 84
[0000] 1. Calling kt_for - worker_bwt
[0000] 2. Calling kt_for - worker_aln
[0000] read_chunk: 80000000, work_chunk_size: 80000116, nseq: 547946
	[0000][ M::kt_pipeline] read 547946 sequences (80000116 bp)...
[0000] 3. Calling kt_for - worker_sam
	[0000][ M::mem_process_seqs] Processed 547946 reads in 91.912 CPU sec, 11.978 real sec
[0000] Calling mem_process_seqs.., task: 85
[0000] 1. Calling kt_for - worker_bwt
[0000] 2. Calling kt_for - worker_aln
[0000] read_chunk: 80000000, work_chunk_size: 80000116, nseq: 547946
	[0000][ M::kt_pipeline] read 547946 sequences (80000116 bp)...
[0000] 3. Calling kt_for - worker_sam
	[0000][ M::mem_process_seqs] Processed 547946 reads in 87.664 CPU sec, 11.547 real sec
[0000] Calling mem_process_seqs.., task: 86
[0000] 1. Calling kt_for - worker_bwt
[0000] 2. Calling kt_for - worker_aln
[0000] read_chunk: 80000000, work_chunk_size: 80000116, nseq: 547946
	[0000][ M::kt_pipeline] read 547946 sequences (80000116 bp)...
[0000] 3. Calling kt_for - worker_sam
	[0000][ M::mem_process_seqs] Processed 547946 reads in 91.934 CPU sec, 12.159 real sec
[0000] Calling mem_process_seqs.., task: 87
[0000] 1. Calling kt_for - worker_bwt
[0000] 2. Calling kt_for - worker_aln
[0000] read_chunk: 80000000, work_chunk_size: 80000116, nseq: 547946
	[0000][ M::kt_pipeline] read 547946 sequences (80000116 bp)...
[0000] 3. Calling kt_for - worker_sam
	[0000][ M::mem_process_seqs] Processed 547946 reads in 83.799 CPU sec, 10.793 real sec
[0000] Calling mem_process_seqs.., task: 88
[0000] 1. Calling kt_for - worker_bwt
[0000] 2. Calling kt_for - worker_aln
[0000] read_chunk: 80000000, work_chunk_size: 80000116, nseq: 547946
	[0000][ M::kt_pipeline] read 547946 sequences (80000116 bp)...
[0000] 3. Calling kt_for - worker_sam
	[0000][ M::mem_process_seqs] Processed 547946 reads in 91.167 CPU sec, 12.343 real sec
[0000] Calling mem_process_seqs.., task: 89
[0000] 1. Calling kt_for - worker_bwt
[0000] 2. Calling kt_for - worker_aln
[0000] read_chunk: 80000000, work_chunk_size: 80000116, nseq: 547946
	[0000][ M::kt_pipeline] read 547946 sequences (80000116 bp)...
[0000] 3. Calling kt_for - worker_sam
	[0000][ M::mem_process_seqs] Processed 547946 reads in 89.285 CPU sec, 11.813 real sec
[0000] Calling mem_process_seqs.., task: 90
[0000] 1. Calling kt_for - worker_bwt
[0000] 2. Calling kt_for - worker_aln
[0000] read_chunk: 80000000, work_chunk_size: 80000116, nseq: 547946
	[0000][ M::kt_pipeline] read 547946 sequences (80000116 bp)...
[0000] 3. Calling kt_for - worker_sam
	[0000][ M::mem_process_seqs] Processed 547946 reads in 92.467 CPU sec, 12.310 real sec
[0000] Calling mem_process_seqs.., task: 91
[0000] 1. Calling kt_for - worker_bwt
[0000] 2. Calling kt_for - worker_aln
[0000] read_chunk: 80000000, work_chunk_size: 80000116, nseq: 547946
	[0000][ M::kt_pipeline] read 547946 sequences (80000116 bp)...
[0000] 3. Calling kt_for - worker_sam
	[0000][ M::mem_process_seqs] Processed 547946 reads in 85.872 CPU sec, 11.078 real sec
[0000] Calling mem_process_seqs.., task: 92
[0000] 1. Calling kt_for - worker_bwt
[0000] 2. Calling kt_for - worker_aln
[0000] read_chunk: 80000000, work_chunk_size: 80000116, nseq: 547946
	[0000][ M::kt_pipeline] read 547946 sequences (80000116 bp)...
[0000] 3. Calling kt_for - worker_sam
	[0000][ M::mem_process_seqs] Processed 547946 reads in 93.800 CPU sec, 12.446 real sec
[0000] Calling mem_process_seqs.., task: 93
[0000] 1. Calling kt_for - worker_bwt
[0000] 2. Calling kt_for - worker_aln
[0000] read_chunk: 80000000, work_chunk_size: 80000116, nseq: 547946
	[0000][ M::kt_pipeline] read 547946 sequences (80000116 bp)...
[0000] 3. Calling kt_for - worker_sam
	[0000][ M::mem_process_seqs] Processed 547946 reads in 88.755 CPU sec, 11.549 real sec
[0000] Calling mem_process_seqs.., task: 94
[0000] 1. Calling kt_for - worker_bwt
[0000] 2. Calling kt_for - worker_aln
[0000] read_chunk: 80000000, work_chunk_size: 80000116, nseq: 547946
	[0000][ M::kt_pipeline] read 547946 sequences (80000116 bp)...
[0000] 3. Calling kt_for - worker_sam
	[0000][ M::mem_process_seqs] Processed 547946 reads in 89.989 CPU sec, 12.374 real sec
[0000] Calling mem_process_seqs.., task: 95
[0000] 1. Calling kt_for - worker_bwt
[0000] 2. Calling kt_for - worker_aln
[0000] read_chunk: 80000000, work_chunk_size: 80000116, nseq: 547946
	[0000][ M::kt_pipeline] read 547946 sequences (80000116 bp)...
[0000] 3. Calling kt_for - worker_sam
	[0000][ M::mem_process_seqs] Processed 547946 reads in 92.447 CPU sec, 12.300 real sec
[0000] Calling mem_process_seqs.., task: 96
[0000] 1. Calling kt_for - worker_bwt
[0000] 2. Calling kt_for - worker_aln
[0000] read_chunk: 80000000, work_chunk_size: 80000116, nseq: 547946
	[0000][ M::kt_pipeline] read 547946 sequences (80000116 bp)...
[0000] 3. Calling kt_for - worker_sam
	[0000][ M::mem_process_seqs] Processed 547946 reads in 87.755 CPU sec, 11.718 real sec
[0000] Calling mem_process_seqs.., task: 97
[0000] 1. Calling kt_for - worker_bwt
[0000] 2. Calling kt_for - worker_aln
[0000] read_chunk: 80000000, work_chunk_size: 80000116, nseq: 547946
	[0000][ M::kt_pipeline] read 547946 sequences (80000116 bp)...
[0000] 3. Calling kt_for - worker_sam
	[0000][ M::mem_process_seqs] Processed 547946 reads in 87.858 CPU sec, 11.592 real sec
[0000] Calling mem_process_seqs.., task: 98
[0000] 1. Calling kt_for - worker_bwt
[0000] 2. Calling kt_for - worker_aln
[0000] read_chunk: 80000000, work_chunk_size: 80000116, nseq: 547946
	[0000][ M::kt_pipeline] read 547946 sequences (80000116 bp)...
[0000] 3. Calling kt_for - worker_sam
	[0000][ M::mem_process_seqs] Processed 547946 reads in 94.730 CPU sec, 12.717 real sec
[0000] Calling mem_process_seqs.., task: 99
[0000] 1. Calling kt_for - worker_bwt
[0000] 2. Calling kt_for - worker_aln
[0000] read_chunk: 80000000, work_chunk_size: 80000116, nseq: 547946
	[0000][ M::kt_pipeline] read 547946 sequences (80000116 bp)...
[0000] 3. Calling kt_for - worker_sam
	[0000][ M::mem_process_seqs] Processed 547946 reads in 94.787 CPU sec, 12.658 real sec
[0000] Calling mem_process_seqs.., task: 100
[0000] 1. Calling kt_for - worker_bwt
[0000] 2. Calling kt_for - worker_aln
[0000] read_chunk: 80000000, work_chunk_size: 80000116, nseq: 547946
	[0000][ M::kt_pipeline] read 547946 sequences (80000116 bp)...
[0000] 3. Calling kt_for - worker_sam
	[0000][ M::mem_process_seqs] Processed 547946 reads in 91.371 CPU sec, 12.009 real sec
[0000] Calling mem_process_seqs.., task: 101
[0000] 1. Calling kt_for - worker_bwt
[0000] 2. Calling kt_for - worker_aln
[0000] read_chunk: 80000000, work_chunk_size: 80000116, nseq: 547946
	[0000][ M::kt_pipeline] read 547946 sequences (80000116 bp)...
[0000] 3. Calling kt_for - worker_sam
	[0000][ M::mem_process_seqs] Processed 547946 reads in 94.744 CPU sec, 12.733 real sec
[0000] Calling mem_process_seqs.., task: 102
[0000] 1. Calling kt_for - worker_bwt
[0000] 2. Calling kt_for - worker_aln
[0000] read_chunk: 80000000, work_chunk_size: 80000116, nseq: 547946
	[0000][ M::kt_pipeline] read 547946 sequences (80000116 bp)...
[0000] 3. Calling kt_for - worker_sam
	[0000][ M::mem_process_seqs] Processed 547946 reads in 82.934 CPU sec, 10.988 real sec
[0000] Calling mem_process_seqs.., task: 103
[0000] 1. Calling kt_for - worker_bwt
[0000] 2. Calling kt_for - worker_aln
[0000] read_chunk: 80000000, work_chunk_size: 80000116, nseq: 547946
	[0000][ M::kt_pipeline] read 547946 sequences (80000116 bp)...
[0000] 3. Calling kt_for - worker_sam
	[0000][ M::mem_process_seqs] Processed 547946 reads in 88.419 CPU sec, 11.757 real sec
[0000] Calling mem_process_seqs.., task: 104
[0000] 1. Calling kt_for - worker_bwt
[0000] 2. Calling kt_for - worker_aln
[0000] read_chunk: 80000000, work_chunk_size: 80000116, nseq: 547946
	[0000][ M::kt_pipeline] read 547946 sequences (80000116 bp)...
[0000] 3. Calling kt_for - worker_sam
	[0000][ M::mem_process_seqs] Processed 547946 reads in 91.208 CPU sec, 12.121 real sec
[0000] Calling mem_process_seqs.., task: 105
[0000] 1. Calling kt_for - worker_bwt
[0000] 2. Calling kt_for - worker_aln
[0000] read_chunk: 80000000, work_chunk_size: 80000116, nseq: 547946
	[0000][ M::kt_pipeline] read 547946 sequences (80000116 bp)...
[0000] 3. Calling kt_for - worker_sam
	[0000][ M::mem_process_seqs] Processed 547946 reads in 93.110 CPU sec, 12.500 real sec
[0000] Calling mem_process_seqs.., task: 106
[0000] 1. Calling kt_for - worker_bwt
[0000] 2. Calling kt_for - worker_aln
[0000] read_chunk: 80000000, work_chunk_size: 80000116, nseq: 547946
	[0000][ M::kt_pipeline] read 547946 sequences (80000116 bp)...
[0000] 3. Calling kt_for - worker_sam
	[0000][ M::mem_process_seqs] Processed 547946 reads in 96.417 CPU sec, 13.095 real sec
[0000] Calling mem_process_seqs.., task: 107
[0000] 1. Calling kt_for - worker_bwt
[0000] 2. Calling kt_for - worker_aln
[0000] read_chunk: 80000000, work_chunk_size: 80000116, nseq: 547946
	[0000][ M::kt_pipeline] read 547946 sequences (80000116 bp)...
[0000] 3. Calling kt_for - worker_sam
	[0000][ M::mem_process_seqs] Processed 547946 reads in 93.504 CPU sec, 12.333 real sec
[0000] Calling mem_process_seqs.., task: 108
[0000] 1. Calling kt_for - worker_bwt
[0000] read_chunk: 80000000, work_chunk_size: 3549552, nseq: 24312
	[0000][ M::kt_pipeline] read 24312 sequences (3549552 bp)...
[0000] 2. Calling kt_for - worker_aln
[0000] 3. Calling kt_for - worker_sam
	[0000][ M::mem_process_seqs] Processed 547946 reads in 88.354 CPU sec, 11.898 real sec
[0000] Calling mem_process_seqs.., task: 109
[0000] 1. Calling kt_for - worker_bwt
[0000] 2. Calling kt_for - worker_aln
[0000] 3. Calling kt_for - worker_sam
	[0000][ M::mem_process_seqs] Processed 24312 reads in 4.237 CPU sec, 0.731 real sec
[0000] read_chunk: 80000000, work_chunk_size: 0, nseq: 0
[0000] read_chunk: 80000000, work_chunk_size: 0, nseq: 0
[0000] Computation ends..
No. of OMP threads: 8
Processor is running @3187.509564 MHz
Runtime profile:

	Time taken for main_mem function: 1326.00 sec

	IO times (sec) :
	Reading IO time (reads) avg: 114.60, (114.60, 114.60)
	Writing IO time (SAM) avg: 492.81, (492.81, 492.81)
	Reading IO time (Reference Genome) avg: 0.23, (0.23, 0.23)
	Index read time avg: 0.40, (0.40, 0.40)

	Overall time (sec) (Excluding Index reading time):
	PROCESS() (Total compute time + (read + SAM) IO time) : 1325.32
	MEM_PROCESS_SEQ() (Total compute time (Kernel + SAM)), avg: 1321.61, (1321.61, 1321.61)

	 SAM Processing time (sec):
	--WORKER_SAM avg: 100.28, (100.28, 100.28)

	Kernels' compute time (sec):
	Total kernel (smem+sal+bsw) time avg: 1221.33, (1221.33, 1221.33)
		SMEM compute avg: 376.56, (376.88, 376.11)
		SAL compute avg: 74.64, (74.75, 74.49)
				MEM_SA avg: 43.03, (43.18, 42.82)

		BSW time, avg: 732.77, (733.14, 732.37)

Important parameter settings: 
	BATCH_SIZE: 512
	MAX_SEQ_LEN_REF: 256
	MAX_SEQ_LEN_QER: 128
	MAX_SEQ_LEN8: 128
	SEEDS_PER_READ: 500
	SIMD_WIDTH8 X: 32
	SIMD_WIDTH16 X: 16
	AVG_SEEDS_PER_READ: 64
