INFO:cooler.cli.zoomify:Recursively aggregating "results/BL36283/hic_10kb.cool"
INFO:cooler.cli.zoomify:Writing to "results/BL36283/hic.mcool"
INFO:cooler._reduce:Copying base matrices and producing 6 new zoom levels.
INFO:cooler._reduce:Bin size: 10000
INFO:cooler._reduce:Aggregating from 10000 to 20000.
INFO:cooler.create:Creating cooler at "/home/mahullocaladmin/Desktop/projects/Arima_hic_mapping_snakemake/results/BL36283/hic.mcool::/resolutions/20000"
INFO:cooler.create:Writing chroms
INFO:cooler.create:Writing bins
INFO:cooler.create:Writing pixels
INFO:cooler._reduce:0 3368941
INFO:cooler.create:Writing indexes
INFO:cooler.create:Writing info
INFO:cooler._reduce:Aggregating from 20000 to 40000.
INFO:cooler.create:Creating cooler at "/home/mahullocaladmin/Desktop/projects/Arima_hic_mapping_snakemake/results/BL36283/hic.mcool::/resolutions/40000"
INFO:cooler.create:Writing chroms
INFO:cooler.create:Writing bins
INFO:cooler.create:Writing pixels
INFO:cooler._reduce:0 2455703
INFO:cooler.create:Writing indexes
INFO:cooler.create:Writing info
INFO:cooler._reduce:Aggregating from 40000 to 80000.
INFO:cooler.create:Creating cooler at "/home/mahullocaladmin/Desktop/projects/Arima_hic_mapping_snakemake/results/BL36283/hic.mcool::/resolutions/80000"
INFO:cooler.create:Writing chroms
INFO:cooler.create:Writing bins
INFO:cooler.create:Writing pixels
INFO:cooler._reduce:0 1556982
INFO:cooler.create:Writing indexes
INFO:cooler.create:Writing info
INFO:cooler._reduce:Aggregating from 80000 to 160000.
INFO:cooler.create:Creating cooler at "/home/mahullocaladmin/Desktop/projects/Arima_hic_mapping_snakemake/results/BL36283/hic.mcool::/resolutions/160000"
INFO:cooler.create:Writing chroms
INFO:cooler.create:Writing bins
INFO:cooler.create:Writing pixels
INFO:cooler._reduce:0 828843
INFO:cooler.create:Writing indexes
INFO:cooler.create:Writing info
INFO:cooler._reduce:Aggregating from 160000 to 320000.
INFO:cooler.create:Creating cooler at "/home/mahullocaladmin/Desktop/projects/Arima_hic_mapping_snakemake/results/BL36283/hic.mcool::/resolutions/320000"
INFO:cooler.create:Writing chroms
INFO:cooler.create:Writing bins
INFO:cooler.create:Writing pixels
INFO:cooler._reduce:0 333319
INFO:cooler.create:Writing indexes
INFO:cooler.create:Writing info
INFO:cooler.cli.zoomify:Balancing zoom level with bin size 10000
INFO:cooler.cli.balance:Balancing "results/BL36283/hic.mcool::resolutions/10000"
INFO:cooler._balance:variance is 115603.66905029368
INFO:cooler._balance:variance is 38989323.70930672
INFO:cooler._balance:variance is 2060373.8193248655
INFO:cooler._balance:variance is 230058320.5892715
INFO:cooler._balance:variance is 11083773.911162175
INFO:cooler._balance:variance is 480184834.01257426
INFO:cooler._balance:variance is 26979508.749440484
INFO:cooler._balance:variance is 582725910.4219601
INFO:cooler._balance:variance is 41724578.67932674
INFO:cooler._balance:variance is 530464493.7250117
INFO:cooler._balance:variance is 49160876.46537323
INFO:cooler._balance:variance is 414232389.7323299
INFO:cooler._balance:variance is 48897726.97052216
INFO:cooler._balance:variance is 298343689.59162635
INFO:cooler._balance:variance is 43652788.11153224
INFO:cooler._balance:variance is 206301050.88557306
INFO:cooler._balance:variance is 36347123.50527778
INFO:cooler._balance:variance is 140092542.560105
INFO:cooler._balance:variance is 28943295.903495405
INFO:cooler._balance:variance is 94631728.34001645
INFO:cooler._balance:variance is 22416683.199705016
INFO:cooler._balance:variance is 64051148.74874474
INFO:cooler._balance:variance is 17083082.360851616
INFO:cooler._balance:variance is 43615237.917519525
INFO:cooler._balance:variance is 12912076.407797521
INFO:cooler._balance:variance is 29942824.05488631
INFO:cooler._balance:variance is 9732210.504796682
INFO:cooler._balance:variance is 20745167.254364543
INFO:cooler._balance:variance is 7340791.67003938
INFO:cooler._balance:variance is 14509070.590692349
INFO:cooler._balance:variance is 5552757.887110739
INFO:cooler._balance:variance is 10242600.463156743
INFO:cooler._balance:variance is 4216740.352423917
INFO:cooler._balance:variance is 7295767.680423492
INFO:cooler._balance:variance is 3215854.099315508
INFO:cooler._balance:variance is 5240843.1999992
INFO:cooler._balance:variance is 2462665.807879199
INFO:cooler._balance:variance is 3794420.009179086
INFO:cooler._balance:variance is 1892855.3125098308
INFO:cooler._balance:variance is 2767146.585335745
INFO:cooler._balance:variance is 1459432.7605900725
INFO:cooler._balance:variance is 2031356.1884198652
INFO:cooler._balance:variance is 1128082.0979102273
INFO:cooler._balance:variance is 1500155.8444508577
INFO:cooler._balance:variance is 873642.7877098179
INFO:cooler._balance:variance is 1113839.667131162
INFO:cooler._balance:variance is 677543.7713335333
INFO:cooler._balance:variance is 830995.9088856054
INFO:cooler._balance:variance is 525967.2426845634
INFO:cooler._balance:variance is 622637.986160685
INFO:cooler._balance:variance is 408545.618252268
INFO:cooler._balance:variance is 468297.1828905382
INFO:cooler._balance:variance is 317437.6315094238
INFO:cooler._balance:variance is 353397.87024540454
INFO:cooler._balance:variance is 246670.20222805804
INFO:cooler._balance:variance is 267478.2169468646
INFO:cooler._balance:variance is 191665.6667946655
INFO:cooler._balance:variance is 202973.0948336443
INFO:cooler._balance:variance is 148898.4981475366
INFO:cooler._balance:variance is 154374.0838565805
INFO:cooler._balance:variance is 115643.09718161069
INFO:cooler._balance:variance is 117644.64794625745
INFO:cooler._balance:variance is 89786.30600219089
INFO:cooler._balance:variance is 89809.49132066754
INFO:cooler._balance:variance is 69686.50480504434
INFO:cooler._balance:variance is 68663.84346740136
INFO:cooler._balance:variance is 54066.699342080545
INFO:cooler._balance:variance is 52566.02437261192
INFO:cooler._balance:variance is 41932.74834656303
INFO:cooler._balance:variance is 40288.32392709346
INFO:cooler._balance:variance is 32510.41917708883
INFO:cooler._balance:variance is 30909.045106281756
INFO:cooler._balance:variance is 25196.699705273582
INFO:cooler._balance:variance is 23733.831736154334
INFO:cooler._balance:variance is 19522.003228629477
INFO:cooler._balance:variance is 18237.98563223745
INFO:cooler._balance:variance is 15120.756866494841
INFO:cooler._balance:variance is 14023.934411169588
INFO:cooler._balance:variance is 11708.477469709893
INFO:cooler._balance:variance is 10789.708539880503
INFO:cooler._balance:variance is 9063.887808579315
INFO:cooler._balance:variance is 8305.468190984617
INFO:cooler._balance:variance is 7014.9593118072025
INFO:cooler._balance:variance is 6395.950071606935
INFO:cooler._balance:variance is 5428.019008568885
INFO:cooler._balance:variance is 4927.291096475693
INFO:cooler._balance:variance is 4199.250017781061
INFO:cooler._balance:variance is 3797.1037705900053
INFO:cooler._balance:variance is 3248.062449083848
INFO:cooler._balance:variance is 2926.978064215991
INFO:cooler._balance:variance is 2511.9258890973047
INFO:cooler._balance:variance is 2256.801219319238
INFO:cooler._balance:variance is 1942.3436549931437
INFO:cooler._balance:variance is 1740.44444169151
INFO:cooler._balance:variance is 1501.7185324353998
INFO:cooler._balance:variance is 1342.4806414926775
INFO:cooler._balance:variance is 1160.9141461185877
INFO:cooler._balance:variance is 1035.6821230404769
INFO:cooler._balance:variance is 897.3587639914447
INFO:cooler._balance:variance is 799.1097748489268
INFO:cooler._balance:variance is 693.5717712017167
INFO:cooler._balance:variance is 616.6518513750832
INFO:cooler._balance:variance is 536.0192551117658
INFO:cooler._balance:variance is 475.9051613880843
INFO:cooler._balance:variance is 414.22567172105664
INFO:cooler._balance:variance is 367.31748686865313
INFO:cooler._balance:variance is 320.08463471040585
INFO:cooler._balance:variance is 283.5296071768222
INFO:cooler._balance:variance is 247.32443871292935
INFO:cooler._balance:variance is 218.8700463720645
INFO:cooler._balance:variance is 191.09375190387493
INFO:cooler._balance:variance is 168.96681097831802
INFO:cooler._balance:variance is 147.64058274157054
INFO:cooler._balance:variance is 130.4488385601459
INFO:cooler._balance:variance is 114.06360840032643
INFO:cooler._balance:variance is 100.71630072986454
INFO:cooler._balance:variance is 88.1196150586074
INFO:cooler._balance:variance is 77.76379478991005
INFO:cooler._balance:variance is 68.07443096322237
INFO:cooler._balance:variance is 60.04418840052587
INFO:cooler._balance:variance is 52.58755820591279
INFO:cooler._balance:variance is 46.36373119420385
INFO:cooler._balance:variance is 40.62290562255745
INFO:cooler._balance:variance is 35.80122701840243
INFO:cooler._balance:variance is 31.379731846201015
INFO:cooler._balance:variance is 27.64572990230008
INFO:cooler._balance:variance is 24.23923273779117
INFO:cooler._balance:variance is 21.348506742930045
INFO:cooler._balance:variance is 18.72323585050169
INFO:cooler._balance:variance is 16.485991878653916
INFO:cooler._balance:variance is 14.462262301634873
INFO:cooler._balance:variance is 12.731213027977525
INFO:cooler._balance:variance is 11.170834900491695
INFO:cooler._balance:variance is 9.831747792162064
INFO:cooler._balance:variance is 8.628390686418447
INFO:cooler._balance:variance is 7.592715736088199
INFO:cooler._balance:variance is 6.664527344045732
INFO:cooler._balance:variance is 5.863654087775418
INFO:cooler._balance:variance is 5.147600517801764
INFO:cooler._balance:variance is 4.528389157587757
INFO:cooler._balance:variance is 3.9759116709618074
INFO:cooler._balance:variance is 3.4972189352239935
INFO:cooler._balance:variance is 3.070898441435062
INFO:cooler._balance:variance is 2.7008789874731245
INFO:cooler._balance:variance is 2.371872777129224
INFO:cooler._balance:variance is 2.0858845113033144
INFO:cooler._balance:variance is 1.8319552825201475
INFO:cooler._balance:variance is 1.6109344625946656
INFO:cooler._balance:variance is 1.4149339918200778
INFO:cooler._balance:variance is 1.2441354376469813
INFO:cooler._balance:variance is 1.0928374850438822
INFO:cooler._balance:variance is 0.9608583231983481
INFO:cooler._balance:variance is 0.8440599724726215
INFO:cooler._balance:variance is 0.7420834154363334
INFO:cooler._balance:variance is 0.6519128584366106
INFO:cooler._balance:variance is 0.5731226381739761
INFO:cooler._balance:variance is 0.5035058091320902
INFO:cooler._balance:variance is 0.442632897911945
INFO:cooler._balance:variance is 0.38888238911411477
INFO:cooler._balance:variance is 0.34185421967739466
INFO:cooler._balance:variance is 0.30035236537122784
INFO:cooler._balance:variance is 0.2640214385104074
INFO:cooler._balance:variance is 0.2319759422958387
INFO:cooler._balance:variance is 0.20390989994258477
INFO:cooler._balance:variance is 0.17916536383156514
INFO:cooler._balance:variance is 0.15748463718408504
INFO:cooler._balance:variance is 0.13837717983196687
INFO:cooler._balance:variance is 0.12162945134314224
INFO:cooler._balance:variance is 0.10687454742221934
INFO:cooler._balance:variance is 0.09393769294416372
INFO:cooler._balance:variance is 0.08254363091927008
INFO:cooler._balance:variance is 0.07255069032533992
INFO:cooler._balance:variance is 0.06375178943883109
INFO:cooler._balance:variance is 0.0560329725184074
INFO:cooler._balance:variance is 0.04923804233102961
INFO:cooler._balance:variance is 0.0432759064859319
INFO:cooler._balance:variance is 0.038028466442761165
INFO:cooler._balance:variance is 0.033423277524434136
INFO:cooler._balance:variance is 0.029370850825959322
INFO:cooler._balance:variance is 0.02581381561921144
INFO:cooler._balance:variance is 0.022684225813613308
INFO:cooler._balance:variance is 0.019936808720052688
INFO:cooler._balance:variance is 0.01751988088470197
INFO:cooler._balance:variance is 0.01539782280384862
INFO:cooler._balance:variance is 0.01353125626242085
INFO:cooler._balance:variance is 0.011892227288305345
INFO:cooler._balance:variance is 0.010450688372738642
INFO:cooler._balance:variance is 0.009184748466971157
INFO:cooler._balance:variance is 0.00807144902692034
INFO:cooler._balance:variance is 0.007093678378060691
INFO:cooler._balance:variance is 0.006233873300603401
INFO:cooler._balance:variance is 0.005478679078549447
INFO:cooler._balance:variance is 0.004814645371310225
INFO:cooler._balance:variance is 0.004231363674127105
INFO:cooler._balance:variance is 0.0037185234336913364
INFO:cooler._balance:variance is 0.0032680218663796302
INFO:cooler._balance:variance is 0.0028719484533287266
INFO:cooler._balance:variance is 0.002524001738343703
INFO:cooler._balance:variance is 0.0022181079096289676
INFO:cooler._balance:variance is 0.0019493706795604788
ERROR:cooler.cli.balance:Iteration limit reached without convergence
ERROR:cooler.cli.balance:Storing final result. Check log to assess convergence.
INFO:cooler.cli.zoomify:Balancing zoom level with bin size 20000
INFO:cooler.cli.balance:Balancing "results/BL36283/hic.mcool::resolutions/20000"
INFO:cooler._balance:variance is 439749.19966413354
INFO:cooler._balance:variance is 381923462.9364439
INFO:cooler._balance:variance is 127285654.13070315
INFO:cooler._balance:variance is 29391948693.14337
INFO:cooler._balance:variance is 4840030904.300371
INFO:cooler._balance:variance is 404704547388.6484
INFO:cooler._balance:variance is 48072312352.96789
INFO:cooler._balance:variance is 1881640846386.0786
INFO:cooler._balance:variance is 203448856637.13278
INFO:cooler._balance:variance is 4407552790232.03
INFO:cooler._balance:variance is 494595762168.5242
INFO:cooler._balance:variance is 6694041191017.766
INFO:cooler._balance:variance is 833002616663.2123
INFO:cooler._balance:variance is 7725284817132.216
INFO:cooler._balance:variance is 1096062125424.0459
INFO:cooler._balance:variance is 7487243526498.171
INFO:cooler._balance:variance is 1219017506389.9348
INFO:cooler._balance:variance is 6494079334373.022
INFO:cooler._balance:variance is 1207892136696.5708
INFO:cooler._balance:variance is 5250682027006.378
INFO:cooler._balance:variance is 1105248014832.1477
INFO:cooler._balance:variance is 4063407508328.3457
INFO:cooler._balance:variance is 957395517322.3745
INFO:cooler._balance:variance is 3062182168088.9385
INFO:cooler._balance:variance is 798918758593.8772
INFO:cooler._balance:variance is 2272751433763.291
INFO:cooler._balance:variance is 650240633789.3977
INFO:cooler._balance:variance is 1673727240527.2327
INFO:cooler._balance:variance is 520767287888.1216
INFO:cooler._balance:variance is 1228995946567.1418
INFO:cooler._balance:variance is 412992267337.8033
INFO:cooler._balance:variance is 902674989355.0814
INFO:cooler._balance:variance is 325753367984.2448
INFO:cooler._balance:variance is 664529172103.4216
INFO:cooler._balance:variance is 256332654443.88797
INFO:cooler._balance:variance is 490964512808.27014
INFO:cooler._balance:variance is 201631803414.8355
INFO:cooler._balance:variance is 364303951415.0435
INFO:cooler._balance:variance is 158743466973.44962
INFO:cooler._balance:variance is 271596750573.8706
INFO:cooler._balance:variance is 125174695499.35931
INFO:cooler._balance:variance is 203467645104.7767
INFO:cooler._balance:variance is 98890579594.94931
INFO:cooler._balance:variance is 153167725964.93164
INFO:cooler._balance:variance is 78276583428.4591
INFO:cooler._balance:variance is 115846435706.9802
INFO:cooler._balance:variance is 62072215245.04155
INFO:cooler._balance:variance is 88014043365.59274
INFO:cooler._balance:variance is 49301578936.16892
INFO:cooler._balance:variance is 67152995689.64521
INFO:cooler._balance:variance is 39211547575.58163
INFO:cooler._balance:variance is 51440073381.38462
INFO:cooler._balance:variance is 31220815481.333885
INFO:cooler._balance:variance is 39548844061.32244
INFO:cooler._balance:variance is 24879657156.20039
INFO:cooler._balance:variance is 30509450416.25743
INFO:cooler._balance:variance is 19838900285.799294
INFO:cooler._balance:variance is 23609022185.79375
INFO:cooler._balance:variance is 15826314141.826168
INFO:cooler._balance:variance is 18320775168.65137
INFO:cooler._balance:variance is 12628746120.030365
INFO:cooler._balance:variance is 14253358029.132265
INFO:cooler._balance:variance is 10078619572.786154
INFO:cooler._balance:variance is 11114510829.66931
INFO:cooler._balance:variance is 8043703208.057584
INFO:cooler._balance:variance is 8684867325.60004
INFO:cooler._balance:variance is 6419323327.115575
INFO:cooler._balance:variance is 6798973247.498875
INFO:cooler._balance:variance is 5122400413.870287
INFO:cooler._balance:variance is 5331459951.794993
INFO:cooler._balance:variance is 4086853009.3461323
INFO:cooler._balance:variance is 4186918773.693168
INFO:cooler._balance:variance is 3260032281.013934
INFO:cooler._balance:variance is 3292445316.303395
INFO:cooler._balance:variance is 2599939141.5674405
INFO:cooler._balance:variance is 2592120138.5021777
INFO:cooler._balance:variance is 2073040150.6895604
INFO:cooler._balance:variance is 2042901374.2108889
INFO:cooler._balance:variance is 1652545170.0176756
INFO:cooler._balance:variance is 1611552432.9396732
INFO:cooler._balance:variance is 1317043732.111656
INFO:cooler._balance:variance is 1272332601.8010082
INFO:cooler._balance:variance is 1049421935.071248
INFO:cooler._balance:variance is 1005252928.3219893
INFO:cooler._balance:variance is 835999985.3032945
INFO:cooler._balance:variance is 794753131.1203436
INFO:cooler._balance:variance is 665844131.6585549
INFO:cooler._balance:variance is 628693677.3387645
INFO:cooler._balance:variance is 530216972.0538923
INFO:cooler._balance:variance is 497584926.8929501
INFO:cooler._balance:variance is 422137890.9433014
INFO:cooler._balance:variance is 393995423.0950575
INFO:cooler._balance:variance is 336031354.6117291
INFO:cooler._balance:variance is 312096155.18012524
INFO:cooler._balance:variance is 267445414.94460794
INFO:cooler._balance:variance is 247308450.6172255
INFO:cooler._balance:variance is 212826383.78270203
INFO:cooler._balance:variance is 196031154.1487393
INFO:cooler._balance:variance is 169338480.5919494
INFO:cooler._balance:variance is 155428687.74278104
INFO:cooler._balance:variance is 134719503.32181406
INFO:cooler._balance:variance is 123266014.66025653
INFO:cooler._balance:variance is 107165358.06854403
INFO:cooler._balance:variance is 97779850.85361789
INFO:cooler._balance:variance is 85237707.17742205
INFO:cooler._balance:variance is 77577967.28246382
INFO:cooler._balance:variance is 67790133.8932772
INFO:cooler._balance:variance is 61560318.243939
INFO:cooler._balance:variance is 53909133.49738029
INFO:cooler._balance:variance is 48857167.819685325
INFO:cooler._balance:variance is 42866972.03770689
INFO:cooler._balance:variance is 38780482.6300822
INFO:cooler._balance:variance is 34084040.47196884
INFO:cooler._balance:variance is 30785698.284322955
INFO:cooler._balance:variance is 27098802.99089638
INFO:cooler._balance:variance is 24441611.682919603
INFO:cooler._balance:variance is 21543816.329070326
INFO:cooler._balance:variance is 19406648.32479871
INFO:cooler._balance:variance is 17126600.279410526
INFO:cooler._balance:variance is 15410138.011296265
INFO:cooler._balance:variance is 13614383.06053537
INFO:cooler._balance:variance is 12237530.223703254
INFO:cooler._balance:variance is 10821940.416809058
INFO:cooler._balance:variance is 9718711.969621535
INFO:cooler._balance:variance is 8601903.827074146
INFO:cooler._balance:variance is 7718771.244786994
INFO:cooler._balance:variance is 6837038.578803638
INFO:cooler._balance:variance is 6130690.042413986
INFO:cooler._balance:variance is 5434092.861549235
INFO:cooler._balance:variance is 4869560.948773686
INFO:cooler._balance:variance is 4318899.381487187
INFO:cooler._balance:variance is 3868007.6235303134
INFO:cooler._balance:variance is 3432475.2668286148
INFO:cooler._balance:variance is 3072557.14454303
INFO:cooler._balance:variance is 2727917.413253021
INFO:cooler._balance:variance is 2440765.373978995
INFO:cooler._balance:variance is 2167931.473616813
INFO:cooler._balance:variance is 1938938.3354083041
INFO:cooler._balance:variance is 1722865.4861488908
INFO:cooler._balance:variance is 1540325.5365038968
INFO:cooler._balance:variance is 1369145.3124844283
INFO:cooler._balance:variance is 1223687.1429700956
INFO:cooler._balance:variance is 1088029.9461840102
INFO:cooler._balance:variance is 972157.400682407
INFO:cooler._balance:variance is 864621.4155691253
INFO:cooler._balance:variance is 772342.8835771503
INFO:cooler._balance:variance is 687077.2920513178
INFO:cooler._balance:variance is 613606.9304019737
INFO:cooler._balance:variance is 545984.4070497021
INFO:cooler._balance:variance is 487501.74260850815
INFO:cooler._balance:variance is 433860.8213385377
INFO:cooler._balance:variance is 387317.613145893
INFO:cooler._balance:variance is 344759.8152669978
INFO:cooler._balance:variance is 307725.0858888382
INFO:cooler._balance:variance is 273955.0243041452
INFO:cooler._balance:variance is 244490.85778448769
INFO:cooler._balance:variance is 217690.1093436541
INFO:cooler._balance:variance is 194252.20634104603
INFO:cooler._balance:variance is 172979.74667551837
INFO:cooler._balance:variance is 154337.87142445406
INFO:cooler._balance:variance is 137451.4252520017
INFO:cooler._balance:variance is 122625.81432318722
INFO:cooler._balance:variance is 109219.68979801302
INFO:cooler._balance:variance is 97430.25448148868
INFO:cooler._balance:variance is 86786.1798354214
INFO:cooler._balance:variance is 77411.95254418798
INFO:cooler._balance:variance is 68960.17637288987
INFO:cooler._balance:variance is 61506.95235423702
INFO:cooler._balance:variance is 54795.451222879565
INFO:cooler._balance:variance is 48869.98151034387
INFO:cooler._balance:variance is 43540.07549626783
INFO:cooler._balance:variance is 38829.493277435366
INFO:cooler._balance:variance is 34596.52906247402
INFO:cooler._balance:variance is 30851.954206181523
INFO:cooler._balance:variance is 27489.997692633166
INFO:cooler._balance:variance is 24513.47518077917
INFO:cooler._balance:variance is 21843.17791589977
INFO:cooler._balance:variance is 19477.275264880715
INFO:cooler._balance:variance is 17356.254153197362
INFO:cooler._balance:variance is 15475.778653285573
INFO:cooler._balance:variance is 13790.986614733905
INFO:cooler._balance:variance is 12296.391920153426
INFO:cooler._balance:variance is 10958.06621835324
INFO:cooler._balance:variance is 9770.204793143357
INFO:cooler._balance:variance is 8707.065905707892
INFO:cooler._balance:variance is 7763.0133603020095
INFO:cooler._balance:variance is 6918.455347773072
INFO:cooler._balance:variance is 6168.18824990725
INFO:cooler._balance:variance is 5497.255421734528
INFO:cooler._balance:variance is 4901.008514859459
INFO:cooler._balance:variance is 4367.99578793207
INFO:cooler._balance:variance is 3894.1599412796427
INFO:cooler._balance:variance is 3470.708004542344
INFO:cooler._balance:variance is 3094.158446117872
INFO:cooler._balance:variance is 2757.741543867064
INFO:cooler._balance:variance is 2458.508432678592
INFO:cooler._balance:variance is 2191.233729189386
INFO:cooler._balance:variance is 1953.4450581710869
INFO:cooler._balance:variance is 1741.099304961511
INFO:cooler._balance:variance is 1552.140415205949
ERROR:cooler.cli.balance:Iteration limit reached without convergence
ERROR:cooler.cli.balance:Storing final result. Check log to assess convergence.
INFO:cooler.cli.zoomify:Balancing zoom level with bin size 40000
INFO:cooler.cli.balance:Balancing "results/BL36283/hic.mcool::resolutions/40000"
INFO:cooler._balance:variance is 1756313.4648036386
INFO:cooler._balance:variance is 3264322311.1878138
INFO:cooler._balance:variance is 11028977044.28635
INFO:cooler._balance:variance is 4609483826900.005
INFO:cooler._balance:variance is 5165319862952.155
INFO:cooler._balance:variance is 730148472975506.5
INFO:cooler._balance:variance is 389719497665795.6
INFO:cooler._balance:variance is 2.4388648267135884e+16
INFO:cooler._balance:variance is 8146058075499759.0
INFO:cooler._balance:variance is 2.684688576840191e+17
INFO:cooler._balance:variance is 6.832680422724244e+16
INFO:cooler._balance:variance is 1.3438493530292485e+18
INFO:cooler._balance:variance is 2.9837894345698125e+17
INFO:cooler._balance:variance is 3.8539632345947587e+18
INFO:cooler._balance:variance is 8.158631976158246e+17
INFO:cooler._balance:variance is 7.462940803455093e+18
INFO:cooler._balance:variance is 1.5925227834375404e+18
INFO:cooler._balance:variance is 1.0958302545740284e+19
INFO:cooler._balance:variance is 2.4363916510069893e+18
INFO:cooler._balance:variance is 1.3239998424011313e+19
INFO:cooler._balance:variance is 3.123401355141171e+18
INFO:cooler._balance:variance is 1.3942239440653023e+19
INFO:cooler._balance:variance is 3.5205207268858476e+18
INFO:cooler._balance:variance is 1.3326422490468274e+19
INFO:cooler._balance:variance is 3.6124323721482296e+18
INFO:cooler._balance:variance is 1.1899197252941562e+19
INFO:cooler._balance:variance is 3.4611633661600077e+18
INFO:cooler._balance:variance is 1.0130157254536286e+19
INFO:cooler._balance:variance is 3.154664371903891e+18
INFO:cooler._balance:variance is 8.343214087386302e+18
INFO:cooler._balance:variance is 2.773001505099091e+18
INFO:cooler._balance:variance is 6.71724296974111e+18
INFO:cooler._balance:variance is 2.374773844278783e+18
INFO:cooler._balance:variance is 5.326348787726763e+18
INFO:cooler._balance:variance is 1.996359406666775e+18
INFO:cooler._balance:variance is 4.181905193303457e+18
INFO:cooler._balance:variance is 1.6566122047338117e+18
INFO:cooler._balance:variance is 3.2635717503848986e+18
INFO:cooler._balance:variance is 1.362556694247077e+18
INFO:cooler._balance:variance is 2.5385246897709015e+18
INFO:cooler._balance:variance is 1.11415844992974e+18
INFO:cooler._balance:variance is 1.9719266108714732e+18
INFO:cooler._balance:variance is 9.077017551469806e+17
INFO:cooler._balance:variance is 1.531876038303626e+18
INFO:cooler._balance:variance is 7.37930217661355e+17
INFO:cooler._balance:variance is 1.1912424187149699e+18
INFO:cooler._balance:variance is 5.992806722627245e+17
INFO:cooler._balance:variance is 9.279121071076872e+17
INFO:cooler._balance:variance is 4.865219339811376e+17
INFO:cooler._balance:variance is 7.243225154467206e+17
INFO:cooler._balance:variance is 3.950335441165303e+17
INFO:cooler._balance:variance is 5.667500524338223e+17
INFO:cooler._balance:variance is 3.208826554042756e+17
INFO:cooler._balance:variance is 4.445784434040303e+17
INFO:cooler._balance:variance is 2.60797521189341e+17
INFO:cooler._balance:variance is 3.496441928747555e+17
INFO:cooler._balance:variance is 2.12095143598567e+17
INFO:cooler._balance:variance is 2.7568988004960192e+17
INFO:cooler._balance:variance is 1.7259465450390234e+17
INFO:cooler._balance:variance is 2.1792501467842806e+17
INFO:cooler._balance:variance is 1.4053242138639357e+17
INFO:cooler._balance:variance is 1.7268157442475373e+17
INFO:cooler._balance:variance is 1.1448599298707603e+17
INFO:cooler._balance:variance is 1.3714779070798237e+17
INFO:cooler._balance:variance is 9.330921533731008e+16
INFO:cooler._balance:variance is 1.0916429843508707e+17
INFO:cooler._balance:variance is 7.607845305991654e+16
INFO:cooler._balance:variance is 8.70688980153173e+16
INFO:cooler._balance:variance is 6.204878927452363e+16
INFO:cooler._balance:variance is 6.9578685595188664e+16
INFO:cooler._balance:variance is 5.061872418918546e+16
INFO:cooler._balance:variance is 5.570065885887182e+16
INFO:cooler._balance:variance is 4.130188970504282e+16
INFO:cooler._balance:variance is 4.466390863319587e+16
INFO:cooler._balance:variance is 3.370444840644849e+16
INFO:cooler._balance:variance is 3.58681273419016e+16
INFO:cooler._balance:variance is 2.7507047117975468e+16
INFO:cooler._balance:variance is 2.8844437744632016e+16
INFO:cooler._balance:variance is 2.245039743912366e+16
INFO:cooler._balance:variance is 2.3225525510772056e+16
INFO:cooler._balance:variance is 1.832373655504248e+16
INFO:cooler._balance:variance is 1.8722805078561452e+16
INFO:cooler._balance:variance is 1.4955574189215274e+16
INFO:cooler._balance:variance is 1.5108911566347568e+16
INFO:cooler._balance:variance is 1.2206255956755764e+16
INFO:cooler._balance:variance is 1.2204234941201776e+16
INFO:cooler._balance:variance is 9961972756398146.0
INFO:cooler._balance:variance is 9866530121854510.0
INFO:cooler._balance:variance is 8129924286015349.0
INFO:cooler._balance:variance is 7982874461679040.0
INFO:cooler._balance:variance is 6634406285238160.0
INFO:cooler._balance:variance is 6463422141787935.0
INFO:cooler._balance:variance is 5413639218030916.0
INFO:cooler._balance:variance is 5236538505112766.0
INFO:cooler._balance:variance is 4417193724991251.5
INFO:cooler._balance:variance is 4244997594984867.0
INFO:cooler._balance:variance is 3603897637280906.0
INFO:cooler._balance:variance is 3443001569787280.0
INFO:cooler._balance:variance is 2940132486258328.0
INFO:cooler._balance:variance is 2793837534455361.0
INFO:cooler._balance:variance is 2398445687341473.5
INFO:cooler._balance:variance is 2268030334463832.5
INFO:cooler._balance:variance is 1956419018267830.5
INFO:cooler._balance:variance is 1841882474525465.5
INFO:cooler._balance:variance is 1595745491109965.2
INFO:cooler._balance:variance is 1496317139256318.2
INFO:cooler._balance:variance is 1301475879111755.5
INFO:cooler._balance:variance is 1215959233928002.0
INFO:cooler._balance:variance is 1061403499656711.5
INFO:cooler._balance:variance is 988403868792476.5
INFO:cooler._balance:variance is 865561756312292.1
INFO:cooler._balance:variance is 803632856494386.2
INFO:cooler._balance:variance is 705813702785439.4
INFO:cooler._balance:variance is 653548385757113.2
INFO:cooler._balance:variance is 575516741201655.0
INFO:cooler._balance:variance is 531599682604256.5
INFO:cooler._balance:variance is 469248687802813.9
INFO:cooler._balance:variance is 432483630402333.56
INFO:cooler._balance:variance is 382583973966393.4
INFO:cooler._balance:variance is 351904338068031.06
INFO:cooler._balance:variance is 311910812746193.94
INFO:cooler._balance:variance is 286379784488198.5
INFO:cooler._balance:variance is 254281841231594.84
INFO:cooler._balance:variance is 233086126482214.1
INFO:cooler._balance:variance is 207292119205249.7
INFO:cooler._balance:variance is 189732190216891.0
INFO:cooler._balance:variance is 168979482940070.75
INFO:cooler._balance:variance is 154458188917525.66
INFO:cooler._balance:variance is 137743166373120.58
INFO:cooler._balance:variance is 125753913029949.28
INFO:cooler._balance:variance is 112277348236991.9
INFO:cooler._balance:variance is 102392592147384.0
INFO:cooler._balance:variance is 91516893771375.31
INFO:cooler._balance:variance is 83377384812197.17
INFO:cooler._balance:variance is 74593058376772.6
INFO:cooler._balance:variance is 67898054519950.06
INFO:cooler._balance:variance is 60797328366401.125
INFO:cooler._balance:variance is 55295870456338.125
INFO:cooler._balance:variance is 49551907421437.3
INFO:cooler._balance:variance is 45035155142670.87
INFO:cooler._balance:variance is 40385630010395.9
INFO:cooler._balance:variance is 36680208214095.34
INFO:cooler._balance:variance is 32914305967422.36
INFO:cooler._balance:variance is 29876581703009.21
INFO:cooler._balance:variance is 26824682688036.035
INFO:cooler._balance:variance is 24335879825720.65
INFO:cooler._balance:variance is 21861360396904.45
INFO:cooler._balance:variance is 19823415158718.965
INFO:cooler._balance:variance is 17816117727087.39
INFO:cooler._balance:variance is 16148180997455.389
INFO:cooler._balance:variance is 14519204378956.275
INFO:cooler._balance:variance is 13154702776059.252
INFO:cooler._balance:variance is 11832238954820.344
INFO:cooler._balance:variance is 10716414595587.053
INFO:cooler._balance:variance is 9642416510290.57
INFO:cooler._balance:variance is 8730274073898.319
INFO:cooler._balance:variance is 7857784640681.474
INFO:cooler._balance:variance is 7112383018999.124
INFO:cooler._balance:variance is 6403391251636.546
INFO:cooler._balance:variance is 5794425343285.449
INFO:cooler._balance:variance is 5218143364931.869
INFO:cooler._balance:variance is 4720769186254.294
INFO:cooler._balance:variance is 4252245869366.3853
INFO:cooler._balance:variance is 3846109010118.6714
INFO:cooler._balance:variance is 3465113258309.387
INFO:cooler._balance:variance is 3133546773098.646
INFO:cooler._balance:variance is 2823667093691.258
INFO:cooler._balance:variance is 2553030212893.018
INFO:cooler._balance:variance is 2300948013416.7793
INFO:cooler._balance:variance is 2080081629584.6882
INFO:cooler._balance:variance is 1874984219400.2507
INFO:cooler._balance:variance is 1694763022124.0352
INFO:cooler._balance:variance is 1527869089302.9517
INFO:cooler._balance:variance is 1380833554080.772
INFO:cooler._balance:variance is 1245009289913.4175
INFO:cooler._balance:variance is 1125063545979.708
INFO:cooler._balance:variance is 1014511896099.1218
INFO:cooler._balance:variance is 916675871980.2927
INFO:cooler._balance:variance is 826684832196.2953
INFO:cooler._balance:variance is 746891068416.2369
INFO:cooler._balance:variance is 673629694087.474
INFO:cooler._balance:variance is 608556875992.7555
INFO:cooler._balance:variance is 548909877251.84686
INFO:cooler._balance:variance is 495846527041.48956
INFO:cooler._balance:variance is 447280089799.16956
INFO:cooler._balance:variance is 404013008799.9269
INFO:cooler._balance:variance is 364465901250.14954
INFO:cooler._balance:variance is 329188908728.5615
INFO:cooler._balance:variance is 296984074909.3662
INFO:cooler._balance:variance is 268223380294.72083
INFO:cooler._balance:variance is 241996141575.5545
INFO:cooler._balance:variance is 218549340149.27863
INFO:cooler._balance:variance is 197189066449.09473
INFO:cooler._balance:variance is 178075287420.31186
INFO:cooler._balance:variance is 160677997714.13956
INFO:cooler._balance:variance is 145097177558.05774
INFO:cooler._balance:variance is 130927011877.0286
INFO:cooler._balance:variance is 118226631153.95428
INFO:cooler._balance:variance is 106684526335.11479
INFO:cooler._balance:variance is 96332448544.17499
ERROR:cooler.cli.balance:Iteration limit reached without convergence
ERROR:cooler.cli.balance:Storing final result. Check log to assess convergence.
INFO:cooler.cli.zoomify:Balancing zoom level with bin size 80000
INFO:cooler.cli.balance:Balancing "results/BL36283/hic.mcool::resolutions/80000"
INFO:cooler._balance:variance is 5844209.342524545
INFO:cooler._balance:variance is 16767508786.491009
INFO:cooler._balance:variance is 1356964067277.7144
INFO:cooler._balance:variance is 721095948127428.5
INFO:cooler._balance:variance is 1.6343745021866424e+16
INFO:cooler._balance:variance is 2.6830297322289536e+18
INFO:cooler._balance:variance is 2.2062131546985787e+19
INFO:cooler._balance:variance is 1.497270695254702e+21
INFO:cooler._balance:variance is 5.618158673028018e+21
INFO:cooler._balance:variance is 1.9061527000550116e+23
INFO:cooler._balance:variance is 3.936076133266435e+23
INFO:cooler._balance:variance is 7.658859550576484e+24
INFO:cooler._balance:variance is 1.0110658583328816e+25
INFO:cooler._balance:variance is 1.2534019844100156e+26
INFO:cooler._balance:variance is 1.1904490997847513e+26
INFO:cooler._balance:variance is 1.0216277519545601e+27
INFO:cooler._balance:variance is 7.651126127469783e+26
INFO:cooler._balance:variance is 4.85807052269191e+27
INFO:cooler._balance:variance is 3.0771481246016983e+27
INFO:cooler._balance:variance is 1.5251699287867128e+28
INFO:cooler._balance:variance is 8.614237085209173e+27
INFO:cooler._balance:variance is 3.480199204512746e+28
INFO:cooler._balance:variance is 1.8231619706466998e+28
INFO:cooler._balance:variance is 6.21725090642171e+28
INFO:cooler._balance:variance is 3.109894478800885e+28
INFO:cooler._balance:variance is 9.20782061862709e+28
INFO:cooler._balance:variance is 4.49176585644035e+28
INFO:cooler._balance:variance is 1.181329254619198e+29
INFO:cooler._balance:variance is 5.706546635175885e+28
INFO:cooler._balance:variance is 1.357953353268531e+29
INFO:cooler._balance:variance is 6.566995496930577e+28
INFO:cooler._balance:variance is 1.4352486684830369e+29
INFO:cooler._balance:variance is 7.002332208439174e+28
INFO:cooler._balance:variance is 1.4226919091587485e+29
INFO:cooler._balance:variance is 7.040688465920901e+28
INFO:cooler._balance:variance is 1.3429158257285015e+29
INFO:cooler._balance:variance is 6.76680562544334e+28
INFO:cooler._balance:variance is 1.2213068566844972e+29
INFO:cooler._balance:variance is 6.282462342939299e+28
INFO:cooler._balance:variance is 1.0798254102668542e+29
INFO:cooler._balance:variance is 5.680924795336605e+28
INFO:cooler._balance:variance is 9.346625296686236e+28
INFO:cooler._balance:variance is 5.035366321261823e+28
INFO:cooler._balance:variance is 7.962742284260658e+28
INFO:cooler._balance:variance is 4.396802952234169e+28
INFO:cooler._balance:variance is 6.7047817169430295e+28
INFO:cooler._balance:variance is 3.7969451788316175e+28
INFO:cooler._balance:variance is 5.597881592151656e+28
INFO:cooler._balance:variance is 3.252754406674729e+28
INFO:cooler._balance:variance is 4.645913405574278e+28
INFO:cooler._balance:variance is 2.7709423253709583e+28
INFO:cooler._balance:variance is 3.8404109017182014e+28
INFO:cooler._balance:variance is 2.3516720858682714e+28
INFO:cooler._balance:variance is 3.1667121746222123e+28
INFO:cooler._balance:variance is 1.9912974505704305e+28
INFO:cooler._balance:variance is 2.6078665273217476e+28
INFO:cooler._balance:variance is 1.684241858611158e+28
INFO:cooler._balance:variance is 2.1469331850894567e+28
INFO:cooler._balance:variance is 1.424206231925218e+28
INFO:cooler._balance:variance is 1.768206000725252e+28
INFO:cooler._balance:variance is 1.2048946459119444e+28
INFO:cooler._balance:variance is 1.4577633775107786e+28
INFO:cooler._balance:variance is 1.0204140663254338e+28
INFO:cooler._balance:variance is 1.203619136568453e+28
INFO:cooler._balance:variance is 8.654648268703533e+27
INFO:cooler._balance:variance is 9.956542126228812e+27
INFO:cooler._balance:variance is 7.354035225147913e+27
INFO:cooler._balance:variance is 8.254410210818787e+27
INFO:cooler._balance:variance is 6.262327864756807e+27
INFO:cooler._balance:variance is 6.86026772276591e+27
INFO:cooler._balance:variance is 5.345527988038085e+27
INFO:cooler._balance:variance is 5.717128087957036e+27
INFO:cooler._balance:variance is 4.574959275504774e+27
INFO:cooler._balance:variance is 4.7784903411847623e+27
INFO:cooler._balance:variance is 3.9265704014731097e+27
INFO:cooler._balance:variance is 4.006518179337203e+27
INFO:cooler._balance:variance is 3.380263743872848e+27
INFO:cooler._balance:variance is 3.370477118381471e+27
INFO:cooler._balance:variance is 2.9192837644427003e+27
INFO:cooler._balance:variance is 2.84542096292054e+27
INFO:cooler._balance:variance is 2.529678455563292e+27
INFO:cooler._balance:variance is 2.4111035271543993e+27
INFO:cooler._balance:variance is 2.1998355505125997e+27
INFO:cooler._balance:variance is 2.051085916584618e+27
INFO:cooler._balance:variance is 1.9200890414561467e+27
INFO:cooler._balance:variance is 1.7520092850779257e+27
INFO:cooler._balance:variance is 1.6823887212983688e+27
INFO:cooler._balance:variance is 1.5030052025709838e+27
INFO:cooler._balance:variance is 1.4800245547801512e+27
INFO:cooler._balance:variance is 1.2952190954082852e+27
INFO:cooler._balance:variance is 1.3073978205679502e+27
INFO:cooler._balance:variance is 1.1214258203510117e+27
INFO:cooler._balance:variance is 1.1598316245380384e+27
INFO:cooler._balance:variance is 9.757198732521108e+26
INFO:cooler._balance:variance is 1.0334142580398002e+27
INFO:cooler._balance:variance is 8.53265816146821e+26
INFO:cooler._balance:variance is 9.248697916735365e+26
INFO:cooler._balance:variance is 7.500971645821738e+26
INFO:cooler._balance:variance is 8.314511649423533e+26
INFO:cooler._balance:variance is 6.629542123298566e+26
INFO:cooler._balance:variance is 7.508518132866088e+26
INFO:cooler._balance:variance is 5.891531188062216e+26
INFO:cooler._balance:variance is 6.811325523175187e+26
INFO:cooler._balance:variance is 5.264800946322155e+26
INFO:cooler._balance:variance is 6.206610153113624e+26
INFO:cooler._balance:variance is 4.731057443661834e+26
INFO:cooler._balance:variance is 5.680614224014399e+26
INFO:cooler._balance:variance is 4.2751561104443166e+26
INFO:cooler._balance:variance is 5.2217285966994186e+26
INFO:cooler._balance:variance is 3.884537577897711e+26
INFO:cooler._balance:variance is 4.820145754027424e+26
INFO:cooler._balance:variance is 3.5487685420175627e+26
INFO:cooler._balance:variance is 4.467570704274637e+26
INFO:cooler._balance:variance is 3.25916740276952e+26
INFO:cooler._balance:variance is 4.156979798283663e+26
INFO:cooler._balance:variance is 3.008498435059854e+26
INFO:cooler._balance:variance is 3.882419231667923e+26
INFO:cooler._balance:variance is 2.790721461063193e+26
INFO:cooler._balance:variance is 3.6388364702004156e+26
INFO:cooler._balance:variance is 2.600786556423783e+26
INFO:cooler._balance:variance is 3.4219390332699254e+26
INFO:cooler._balance:variance is 2.434465368351649e+26
INFO:cooler._balance:variance is 3.2280760474859526e+26
INFO:cooler._balance:variance is 2.2882122576856785e+26
INFO:cooler._balance:variance is 3.0541387814204485e+26
INFO:cooler._balance:variance is 2.159049783913429e+26
INFO:cooler._balance:variance is 2.8974770266209288e+26
INFO:cooler._balance:variance is 2.044474098895591e+26
INFO:cooler._balance:variance is 2.7558287265822103e+26
INFO:cooler._balance:variance is 1.942376654766859e+26
INFO:cooler._balance:variance is 2.6272606962867802e+26
INFO:cooler._balance:variance is 1.8509793062966158e+26
INFO:cooler._balance:variance is 2.510118637970891e+26
INFO:cooler._balance:variance is 1.768780431284805e+26
INFO:cooler._balance:variance is 2.4029849582892104e+26
INFO:cooler._balance:variance is 1.694510130823117e+26
INFO:cooler._balance:variance is 2.3046431396405938e+26
INFO:cooler._balance:variance is 1.6270929254857784e+26
INFO:cooler._balance:variance is 2.214047623477133e+26
INFO:cooler._balance:variance is 1.5656166504226746e+26
INFO:cooler._balance:variance is 2.1302983335714747e+26
INFO:cooler._balance:variance is 1.5093064851880886e+26
INFO:cooler._balance:variance is 2.052619108656456e+26
INFO:cooler._balance:variance is 1.4575032435251416e+26
INFO:cooler._balance:variance is 1.980339431621993e+26
INFO:cooler._balance:variance is 1.4096452026760384e+26
INFO:cooler._balance:variance is 1.9128789406742603e+26
INFO:cooler._balance:variance is 1.3652528778404204e+26
INFO:cooler._balance:variance is 1.849734289898993e+26
INFO:cooler._balance:variance is 1.3239162505551918e+26
INFO:cooler._balance:variance is 1.7904679952868836e+26
INFO:cooler._balance:variance is 1.2852840443470864e+26
INFO:cooler._balance:variance is 1.7346989597444862e+26
INFO:cooler._balance:variance is 1.2490547104913592e+26
INFO:cooler._balance:variance is 1.68209441879794e+26
INFO:cooler._balance:variance is 1.214968843898327e+26
INFO:cooler._balance:variance is 1.6323630891437227e+26
INFO:cooler._balance:variance is 1.1828027963036881e+26
INFO:cooler._balance:variance is 1.5852493361867527e+26
INFO:cooler._balance:variance is 1.1523632928872585e+26
INFO:cooler._balance:variance is 1.5405282052907053e+26
INFO:cooler._balance:variance is 1.1234828906695275e+26
INFO:cooler._balance:variance is 1.498001185527324e+26
INFO:cooler._balance:variance is 1.0960161437393124e+26
INFO:cooler._balance:variance is 1.4574925949822654e+26
INFO:cooler._balance:variance is 1.069836362528734e+26
INFO:cooler._balance:variance is 1.4188464937646784e+26
INFO:cooler._balance:variance is 1.0448328727721053e+26
INFO:cooler._balance:variance is 1.3819240452845565e+26
INFO:cooler._balance:variance is 1.020908695116365e+26
INFO:cooler._balance:variance is 1.3466012585320686e+26
INFO:cooler._balance:variance is 9.979785791268999e+25
INFO:cooler._balance:variance is 1.3127670543719379e+26
INFO:cooler._balance:variance is 9.759673360929764e+25
INFO:cooler._balance:variance is 1.280321607552554e+26
INFO:cooler._balance:variance is 9.548084239418404e+25
INFO:cooler._balance:variance is 1.2491749234733826e+26
INFO:cooler._balance:variance is 9.3444274501747e+25
INFO:cooler._balance:variance is 1.2192456149668935e+26
INFO:cooler._balance:variance is 9.14817623713701e+25
INFO:cooler._balance:variance is 1.1904598496079151e+26
INFO:cooler._balance:variance is 8.958859361747553e+25
INFO:cooler._balance:variance is 1.1627504425140686e+26
INFO:cooler._balance:variance is 8.776053686568101e+25
INFO:cooler._balance:variance is 1.1360560733700447e+26
INFO:cooler._balance:variance is 8.599377848213091e+25
INFO:cooler._balance:variance is 1.1103206096021481e+26
INFO:cooler._balance:variance is 8.428486853194789e+25
INFO:cooler._balance:variance is 1.0854925203359503e+26
INFO:cooler._balance:variance is 8.26306745624147e+25
INFO:cooler._balance:variance is 1.0615243680648675e+26
INFO:cooler._balance:variance is 8.102834202495619e+25
INFO:cooler._balance:variance is 1.0383723669040272e+26
INFO:cooler._balance:variance is 7.947526033388348e+25
INFO:cooler._balance:variance is 1.0159959979550097e+26
INFO:cooler._balance:variance is 7.796903371475467e+25
INFO:cooler._balance:variance is 9.943576737090738e+25
INFO:cooler._balance:variance is 7.65074561257832e+25
INFO:cooler._balance:variance is 9.734224446065286e+25
INFO:cooler._balance:variance is 7.5088489645817845e+25
ERROR:cooler.cli.balance:Iteration limit reached without convergence
ERROR:cooler.cli.balance:Storing final result. Check log to assess convergence.
INFO:cooler.cli.zoomify:Balancing zoom level with bin size 160000
INFO:cooler.cli.balance:Balancing "results/BL36283/hic.mcool::resolutions/160000"
INFO:cooler._balance:variance is 12834484.931066528
INFO:cooler._balance:variance is 21659778724.137623
INFO:cooler._balance:variance is 15368946282745.348
INFO:cooler._balance:variance is 3045534016335498.0
INFO:cooler._balance:variance is 5.022286806936943e+17
INFO:cooler._balance:variance is 2.448111426588819e+19
INFO:cooler._balance:variance is 1.2200074203573885e+21
INFO:cooler._balance:variance is 2.203689308591632e+22
INFO:cooler._balance:variance is 4.2400091664031414e+23
INFO:cooler._balance:variance is 3.728026773792706e+24
INFO:cooler._balance:variance is 3.3906159034354513e+25
INFO:cooler._balance:variance is 1.759470966640555e+26
INFO:cooler._balance:variance is 8.912780594293945e+26
INFO:cooler._balance:variance is 3.1364129366888817e+27
INFO:cooler._balance:variance is 1.0094666990071557e+28
INFO:cooler._balance:variance is 2.6644891542168208e+28
INFO:cooler._balance:variance is 6.052040305628808e+28
INFO:cooler._balance:variance is 1.2891379066608665e+29
INFO:cooler._balance:variance is 2.2457909126609748e+29
INFO:cooler._balance:variance is 4.069923603483264e+29
INFO:cooler._balance:variance is 5.807169172657832e+29
INFO:cooler._balance:variance is 9.299204863250357e+29
INFO:cooler._balance:variance is 1.1443504330585168e+30
INFO:cooler._balance:variance is 1.663387989113482e+30
INFO:cooler._balance:variance is 1.8383739936617735e+30
INFO:cooler._balance:variance is 2.4720494005892481e+30
INFO:cooler._balance:variance is 2.5328784100960656e+30
INFO:cooler._balance:variance is 3.192820658594855e+30
INFO:cooler._balance:variance is 3.109334901892449e+30
INFO:cooler._balance:variance is 3.7079365147022077e+30
INFO:cooler._balance:variance is 3.5000230787951075e+30
INFO:cooler._balance:variance is 3.9731824870518034e+30
INFO:cooler._balance:variance is 3.691857916362509e+30
INFO:cooler._balance:variance is 4.0059914218731207e+30
INFO:cooler._balance:variance is 3.709581535397654e+30
INFO:cooler._balance:variance is 3.857801325753912e+30
INFO:cooler._balance:variance is 3.5952941511131254e+30
INFO:cooler._balance:variance is 3.5892007678283145e+30
INFO:cooler._balance:variance is 3.3932095951881897e+30
INFO:cooler._balance:variance is 3.254652166864355e+30
INFO:cooler._balance:variance is 3.141370398126936e+30
INFO:cooler._balance:variance is 2.8960938189251744e+30
INFO:cooler._balance:variance is 2.868713393184698e+30
INFO:cooler._balance:variance is 2.5422331027076317e+30
INFO:cooler._balance:variance is 2.5952435043159206e+30
INFO:cooler._balance:variance is 2.2105724809914943e+30
INFO:cooler._balance:variance is 2.3335759382934597e+30
INFO:cooler._balance:variance is 1.910245875688348e+30
INFO:cooler._balance:variance is 2.090805426152794e+30
INFO:cooler._balance:variance is 1.6446846414185195e+30
INFO:cooler._balance:variance is 1.8702000850822584e+30
INFO:cooler._balance:variance is 1.4137434561134155e+30
INFO:cooler._balance:variance is 1.6725440260939956e+30
INFO:cooler._balance:variance is 1.215237587743519e+30
INFO:cooler._balance:variance is 1.4971179833532835e+30
INFO:cooler._balance:variance is 1.0459778164107287e+30
INFO:cooler._balance:variance is 1.342374348185171e+30
INFO:cooler._balance:variance is 9.024247974180103e+29
INFO:cooler._balance:variance is 1.2063791960072923e+30
INFO:cooler._balance:variance is 7.810759397818322e+29
INFO:cooler._balance:variance is 1.087087740293042e+30
INFO:cooler._balance:variance is 6.78674480436952e+29
INFO:cooler._balance:variance is 9.825061753548188e+29
INFO:cooler._balance:variance is 5.923059787626942e+29
INFO:cooler._balance:variance is 8.907790002729438e+29
INFO:cooler._balance:variance is 5.194270245280238e+29
INFO:cooler._balance:variance is 8.102292562663833e+29
INFO:cooler._balance:variance is 4.5785560452921276e+29
INFO:cooler._balance:variance is 7.393702205560127e+29
INFO:cooler._balance:variance is 4.05741756994159e+29
INFO:cooler._balance:variance is 6.769007079969206e+29
INFO:cooler._balance:variance is 3.6152984976401144e+29
INFO:cooler._balance:variance is 6.216917149252897e+29
INFO:cooler._balance:variance is 3.23919067537909e+29
INFO:cooler._balance:variance is 5.72769177526666e+29
INFO:cooler._balance:variance is 2.9182569173591672e+29
INFO:cooler._balance:variance is 5.2929567935673384e+29
INFO:cooler._balance:variance is 2.6434891740669207e+29
INFO:cooler._balance:variance is 4.9055270411914316e+29
INFO:cooler._balance:variance is 2.4074086439022063e+29
INFO:cooler._balance:variance is 4.559242570750353e+29
INFO:cooler._balance:variance is 2.203808272646988e+29
INFO:cooler._balance:variance is 4.2488220986338985e+29
INFO:cooler._balance:variance is 2.0275348809621442e+29
INFO:cooler._balance:variance is 3.969734498203843e+29
INFO:cooler._balance:variance is 1.874306703746841e+29
INFO:cooler._balance:variance is 3.718087637177173e+29
INFO:cooler._balance:variance is 1.740561677961008e+29
INFO:cooler._balance:variance is 3.490533100120084e+29
INFO:cooler._balance:variance is 1.6233319202590255e+29
INFO:cooler._balance:variance is 3.284185029188828e+29
INFO:cooler._balance:variance is 1.5201402163236334e+29
INFO:cooler._balance:variance is 3.096551267501789e+29
INFO:cooler._balance:variance is 1.4289148379826279e+29
INFO:cooler._balance:variance is 2.9254750808992985e+29
INFO:cooler._balance:variance is 1.3479195206093821e+29
INFO:cooler._balance:variance is 2.7690858930754176e+29
INFO:cooler._balance:variance is 1.2756959235647403e+29
INFO:cooler._balance:variance is 2.6257576534844676e+29
INFO:cooler._balance:variance is 1.211016337747367e+29
INFO:cooler._balance:variance is 2.494073642895321e+29
INFO:cooler._balance:variance is 1.1528447886566263e+29
INFO:cooler._balance:variance is 2.3727966952419914e+29
INFO:cooler._balance:variance is 1.1003050108293663e+29
INFO:cooler._balance:variance is 2.260843970606932e+29
INFO:cooler._balance:variance is 1.0526540443107415e+29
INFO:cooler._balance:variance is 2.1572655508750843e+29
INFO:cooler._balance:variance is 1.0092604319681329e+29
INFO:cooler._balance:variance is 2.0612262471323752e+29
INFO:cooler._balance:variance is 9.695861844294675e+28
INFO:cooler._balance:variance is 1.971990107711383e+29
INFO:cooler._balance:variance is 9.331718334532034e+28
INFO:cooler._balance:variance is 1.8889071998613064e+29
INFO:cooler._balance:variance is 8.996240202629288e+28
INFO:cooler._balance:variance is 1.8114023084149587e+29
INFO:cooler._balance:variance is 8.686051677372629e+28
INFO:cooler._balance:variance is 1.7389652535402022e+29
INFO:cooler._balance:variance is 8.398248685413756e+28
INFO:cooler._balance:variance is 1.671142578517035e+29
INFO:cooler._balance:variance is 8.130326888464822e+28
INFO:cooler._balance:variance is 1.607530399077473e+29
INFO:cooler._balance:variance is 7.880121421309231e+28
INFO:cooler._balance:variance is 1.5477682395647117e+29
INFO:cooler._balance:variance is 7.645756320918408e+28
INFO:cooler._balance:variance is 1.4915337091819114e+29
INFO:cooler._balance:variance is 7.425601998805087e+28
INFO:cooler._balance:variance is 1.4385378948925202e+29
INFO:cooler._balance:variance is 7.218239403003668e+28
INFO:cooler._balance:variance is 1.388521366921587e+29
INFO:cooler._balance:variance is 7.022429755657026e+28
INFO:cooler._balance:variance is 1.3412507089698654e+29
INFO:cooler._balance:variance is 6.8370889475408505e+28
INFO:cooler._balance:variance is 1.2965154987486558e+29
INFO:cooler._balance:variance is 6.661265830394659e+28
INFO:cooler._balance:variance is 1.254125675735008e+29
INFO:cooler._balance:variance is 6.494123778446838e+28
INFO:cooler._balance:variance is 1.2139092425129786e+29
INFO:cooler._balance:variance is 6.3349249974967865e+28
INFO:cooler._balance:variance is 1.1757102540188512e+29
INFO:cooler._balance:variance is 6.183017147769642e+28
INFO:cooler._balance:variance is 1.1393870557032031e+29
INFO:cooler._balance:variance is 6.03782191905266e+28
INFO:cooler._balance:variance is 1.1048107372711596e+29
INFO:cooler._balance:variance is 5.898825256235895e+28
INFO:cooler._balance:variance is 1.071863773438075e+29
INFO:cooler._balance:variance is 5.765568982641579e+28
INFO:cooler._balance:variance is 1.0404388271844527e+29
INFO:cooler._balance:variance is 5.637643609320359e+28
INFO:cooler._balance:variance is 1.010437694429811e+29
INFO:cooler._balance:variance is 5.514682152345553e+28
INFO:cooler._balance:variance is 9.817703719683332e+28
INFO:cooler._balance:variance is 5.396354808289831e+28
INFO:cooler._balance:variance is 9.543542330011337e+28
INFO:cooler._balance:variance is 5.282364361530212e+28
INFO:cooler._balance:variance is 9.281132967281766e+28
INFO:cooler._balance:variance is 5.172442216619842e+28
INFO:cooler._balance:variance is 9.029775802840495e+28
INFO:cooler._balance:variance is 5.066344965359551e+28
INFO:cooler._balance:variance is 8.788825228627293e+28
INFO:cooler._balance:variance is 4.963851411948293e+28
INFO:cooler._balance:variance is 8.557684732167594e+28
INFO:cooler._balance:variance is 4.86475999113877e+28
INFO:cooler._balance:variance is 8.335802328689379e+28
INFO:cooler._balance:variance is 4.768886524043789e+28
INFO:cooler._balance:variance is 8.122666483674563e+28
INFO:cooler._balance:variance is 4.676062264433541e+28
INFO:cooler._balance:variance is 7.917802467719506e+28
INFO:cooler._balance:variance is 4.58613219528612e+28
INFO:cooler._balance:variance is 7.720769092978271e+28
INFO:cooler._balance:variance is 4.498953541210528e+28
INFO:cooler._balance:variance is 7.531155786864063e+28
INFO:cooler._balance:variance is 4.414394467325378e+28
INFO:cooler._balance:variance is 7.348579964228851e+28
INFO:cooler._balance:variance is 4.332332939389834e+28
INFO:cooler._balance:variance is 7.172684664051455e+28
INFO:cooler._balance:variance is 4.252655723566113e+28
INFO:cooler._balance:variance is 7.003136420841353e+28
INFO:cooler._balance:variance is 4.175257507242514e+28
INFO:cooler._balance:variance is 6.839623344598019e+28
INFO:cooler._balance:variance is 4.100040124946783e+28
INFO:cooler._balance:variance is 6.681853386327384e+28
INFO:cooler._balance:variance is 4.026911875599622e+28
INFO:cooler._balance:variance is 6.52955276887346e+28
INFO:cooler._balance:variance is 3.9557869192566788e+28
INFO:cooler._balance:variance is 6.382464565227663e+28
INFO:cooler._balance:variance is 3.886584743111603e+28
INFO:cooler._balance:variance is 6.240347408579065e+28
INFO:cooler._balance:variance is 3.8192296879255026e+28
INFO:cooler._balance:variance is 6.1029743202061475e+28
INFO:cooler._balance:variance is 3.7536505272427287e+28
INFO:cooler._balance:variance is 5.970131642918298e+28
INFO:cooler._balance:variance is 3.689780092778974e+28
INFO:cooler._balance:variance is 5.841618069164984e+28
INFO:cooler._balance:variance is 3.627554940250184e+28
INFO:cooler._balance:variance is 5.717243754166701e+28
INFO:cooler._balance:variance is 3.5669150506703227e+28
INFO:cooler._balance:variance is 5.596829505507766e+28
INFO:cooler._balance:variance is 3.5078035628003765e+28
INFO:cooler._balance:variance is 5.480206041585396e+28
INFO:cooler._balance:variance is 3.4501665329956715e+28
ERROR:cooler.cli.balance:Iteration limit reached without convergence
ERROR:cooler.cli.balance:Storing final result. Check log to assess convergence.
INFO:cooler.cli.zoomify:Balancing zoom level with bin size 320000
INFO:cooler.cli.balance:Balancing "results/BL36283/hic.mcool::resolutions/320000"
INFO:cooler._balance:variance is 29711692.075140867
INFO:cooler._balance:variance is 35213284482.94502
INFO:cooler._balance:variance is 62950788985869.19
INFO:cooler._balance:variance is 4331104040514477.0
INFO:cooler._balance:variance is 1.4148907601351793e+18
INFO:cooler._balance:variance is 1.8167831365130945e+19
INFO:cooler._balance:variance is 1.4964890051267951e+21
INFO:cooler._balance:variance is 6.749900850294215e+21
INFO:cooler._balance:variance is 1.8834769755230078e+23
INFO:cooler._balance:variance is 4.441571011871203e+23
INFO:cooler._balance:variance is 5.33908550319295e+24
INFO:cooler._balance:variance is 8.486397876071438e+24
INFO:cooler._balance:variance is 5.314473981387938e+25
INFO:cooler._balance:variance is 6.6946862380882365e+25
INFO:cooler._balance:variance is 2.53531523368539e+26
INFO:cooler._balance:variance is 2.8020396997209048e+26
INFO:cooler._balance:variance is 7.210975177304496e+26
INFO:cooler._balance:variance is 7.440243951664218e+26
INFO:cooler._balance:variance is 1.4248975817069914e+27
INFO:cooler._balance:variance is 1.4237936974571468e+27
INFO:cooler._balance:variance is 2.1773045595720088e+27
INFO:cooler._balance:variance is 2.1509716871679355e+27
INFO:cooler._balance:variance is 2.7734882161549066e+27
INFO:cooler._balance:variance is 2.7385700854630085e+27
INFO:cooler._balance:variance is 3.1049997210405743e+27
INFO:cooler._balance:variance is 3.0798403781850213e+27
INFO:cooler._balance:variance is 3.171306838353667e+27
INFO:cooler._balance:variance is 3.1651411280603954e+27
INFO:cooler._balance:variance is 3.0342528288713293e+27
INFO:cooler._balance:variance is 3.046591275377817e+27
INFO:cooler._balance:variance is 2.771313555014617e+27
INFO:cooler._balance:variance is 2.7962945887965657e+27
INFO:cooler._balance:variance is 2.4490140002857778e+27
INFO:cooler._balance:variance is 2.4796964990020696e+27
INFO:cooler._balance:variance is 2.1143210642831514e+27
INFO:cooler._balance:variance is 2.1450922592295836e+27
INFO:cooler._balance:variance is 1.7957903967754598e+27
INFO:cooler._balance:variance is 1.8230915864783835e+27
INFO:cooler._balance:variance is 1.5081328458345018e+27
INFO:cooler._balance:variance is 1.530253786028604e+27
INFO:cooler._balance:variance is 1.256943381345037e+27
INFO:cooler._balance:variance is 1.2734908578591954e+27
INFO:cooler._balance:variance is 1.0424188503623136e+27
INFO:cooler._balance:variance is 1.053786800772662e+27
INFO:cooler._balance:variance is 8.619091583190797e+26
INFO:cooler._balance:variance is 8.688733510396367e+26
INFO:cooler._balance:variance is 7.115162172094405e+26
INFO:cooler._balance:variance is 7.149689000494951e+26
INFO:cooler._balance:variance is 5.870215656647939e+26
INFO:cooler._balance:variance is 5.878194724873211e+26
INFO:cooler._balance:variance is 4.8438005188621576e+26
INFO:cooler._balance:variance is 4.832707848079854e+26
INFO:cooler._balance:variance is 3.9995036629544194e+26
INFO:cooler._balance:variance is 3.975472440714647e+26
INFO:cooler._balance:variance is 3.305750021411408e+26
INFO:cooler._balance:variance is 3.2735884961640795e+26
INFO:cooler._balance:variance is 2.735796444098369e+26
INFO:cooler._balance:variance is 2.6991358691706617e+26
INFO:cooler._balance:variance is 2.2673353193891008e+26
INFO:cooler._balance:variance is 2.2288250802535318e+26
INFO:cooler._balance:variance is 1.8819436207747448e+26
INFO:cooler._balance:variance is 1.843448455187173e+26
INFO:cooler._balance:variance is 1.5645040890434566e+26
INFO:cooler._balance:variance is 1.5272817043376917e+26
INFO:cooler._balance:variance is 1.3026614690279533e+26
INFO:cooler._balance:variance is 1.2675123921080076e+26
INFO:cooler._balance:variance is 1.0863407023180392e+26
INFO:cooler._balance:variance is 1.0537294471949768e+26
INFO:cooler._balance:variance is 9.07334523458373e+25
INFO:cooler._balance:variance is 8.77484639314799e+25
INFO:cooler._balance:variance is 7.589580646857102e+25
INFO:cooler._balance:variance is 7.319249678323675e+25
INFO:cooler._balance:variance is 6.35763646851747e+25
INFO:cooler._balance:variance is 6.1148934836272856e+25
INFO:cooler._balance:variance is 5.333074457141228e+25
INFO:cooler._balance:variance is 5.116609533054111e+25
INFO:cooler._balance:variance is 4.479597438682732e+25
INFO:cooler._balance:variance is 4.287663713242736e+25
INFO:cooler._balance:variance is 3.7675120421224194e+25
INFO:cooler._balance:variance is 3.598134372922049e+25
INFO:cooler._balance:variance is 3.1724859189728914e+25
INFO:cooler._balance:variance is 3.023606186799532e+25
INFO:cooler._balance:variance is 2.6745439978932095e+25
INFO:cooler._balance:variance is 2.5441194846159603e+25
INFO:cooler._balance:variance is 2.2572578786402404e+25
INFO:cooler._balance:variance is 2.1433253267583175e+25
INFO:cooler._balance:variance is 1.9070908508955856e+25
INFO:cooler._balance:variance is 1.8078057587618902e+25
INFO:cooler._balance:variance is 1.612868128650512e+25
INFO:cooler._balance:variance is 1.5265264456534683e+25
INFO:cooler._balance:variance is 1.3653477845515513e+25
INFO:cooler._balance:variance is 1.290395327527851e+25
INFO:cooler._balance:variance is 1.1568726879119278e+25
INFO:cooler._balance:variance is 1.0919061946502394e+25
INFO:cooler._balance:variance is 9.810876532668607e+24
INFO:cooler._balance:variance is 9.248503269117273e+24
INFO:cooler._balance:variance is 8.327091474240932e+24
INFO:cooler._balance:variance is 7.840827491654475e+24
INFO:cooler._balance:variance is 7.07337420270709e+24
INFO:cooler._balance:variance is 6.653323746269813e+24
INFO:cooler._balance:variance is 6.013029369023758e+24
INFO:cooler._balance:variance is 5.650474752445329e+24
INFO:cooler._balance:variance is 5.115405950811259e+24
INFO:cooler._balance:variance is 4.8026964088666867e+24
INFO:cooler._balance:variance is 4.354864938713713e+24
INFO:cooler._balance:variance is 4.0853075845082447e+24
INFO:cooler._balance:variance is 3.709930423544686e+24
INFO:cooler._balance:variance is 3.477686303020653e+24
INFO:cooler._balance:variance is 3.1625901441957153e+24
INFO:cooler._balance:variance is 2.9625771702479504e+24
INFO:cooler._balance:variance is 2.6977180896307964e+24
INFO:cooler._balance:variance is 2.525521786293785e+24
INFO:cooler._balance:variance is 2.3025969796311015e+24
INFO:cooler._balance:variance is 2.1543893781377229e+24
INFO:cooler._balance:variance is 1.966522644661258e+24
INFO:cooler._balance:variance is 1.8389892766472257e+24
INFO:cooler._balance:variance is 1.680475696442829e+24
INFO:cooler._balance:variance is 1.5707503721628046e+24
INFO:cooler._balance:variance is 1.4368485948320614e+24
INFO:cooler._balance:variance is 1.342455496571144e+24
INFO:cooler._balance:variance is 1.2292184059684198e+24
INFO:cooler._balance:variance is 1.1480209397349118e+24
INFO:cooler._balance:variance is 1.0521573165055859e+24
INFO:cooler._balance:variance is 9.823131271245397e+23
INFO:cooler._balance:variance is 9.010744024891528e+23
INFO:cooler._balance:variance is 8.409959526803839e+23
INFO:cooler._balance:variance is 7.7208331541822e+23
INFO:cooler._balance:variance is 7.204034469332042e+23
INFO:cooler._balance:variance is 6.618914950070557e+23
INFO:cooler._balance:variance is 6.174334212026271e+23
INFO:cooler._balance:variance is 5.677072902354694e+23
INFO:cooler._balance:variance is 5.29458508738677e+23
INFO:cooler._balance:variance is 4.871620010696148e+23
INFO:cooler._balance:variance is 4.542516583390234e+23
INFO:cooler._balance:variance is 4.182443696588826e+23
INFO:cooler._balance:variance is 3.899236534635754e+23
INFO:cooler._balance:variance is 3.592454734593158e+23
INFO:cooler._balance:variance is 3.3487065269909364e+23
INFO:cooler._balance:variance is 3.0871232094890815e+23
INFO:cooler._balance:variance is 2.877300936269124e+23
INFO:cooler._balance:variance is 2.654087373602881e+23
INFO:cooler._balance:variance is 2.473435861762185e+23
INFO:cooler._balance:variance is 2.2828236444520623e+23
INFO:cooler._balance:variance is 2.1272565502532906e+23
INFO:cooler._balance:variance is 1.964367938269656e+23
INFO:cooler._balance:variance is 1.8303738290756984e+23
INFO:cooler._balance:variance is 1.6910801539169163e+23
INFO:cooler._balance:variance is 1.5756416534387048e+23
INFO:cooler._balance:variance is 1.4564449642833687e+23
INFO:cooler._balance:variance is 1.356969184769807e+23
INFO:cooler._balance:variance is 1.2549031874377972e+23
INFO:cooler._balance:variance is 1.1691619027932742e+23
INFO:cooler._balance:variance is 1.081708937472333e+23
INFO:cooler._balance:variance is 1.0077871547681251e+23
INFO:cooler._balance:variance is 9.32808527814388e+22
INFO:cooler._balance:variance is 8.690602935403536e+22
INFO:cooler._balance:variance is 8.04737744506287e+22
INFO:cooler._balance:variance is 7.497481785858791e+22
INFO:cooler._balance:variance is 6.9453464552336764e+22
INFO:cooler._balance:variance is 6.4708733291253025e+22
INFO:cooler._balance:variance is 5.996654926593689e+22
INFO:cooler._balance:variance is 5.587144814743554e+22
INFO:cooler._balance:variance is 5.179617997301156e+22
INFO:cooler._balance:variance is 4.826075583422457e+22
INFO:cooler._balance:variance is 4.475667970925672e+22
INFO:cooler._balance:variance is 4.170355723660117e+22
INFO:cooler._balance:variance is 3.868898779019876e+22
INFO:cooler._balance:variance is 3.6051597442676997e+22
INFO:cooler._balance:variance is 3.3456781452587005e+22
INFO:cooler._balance:variance is 3.117783818363886e+22
INFO:cooler._balance:variance is 2.89431721073407e+22
INFO:cooler._balance:variance is 2.697336937960149e+22
INFO:cooler._balance:variance is 2.5047889586425707e+22
INFO:cooler._balance:variance is 2.3344778170960074e+22
INFO:cooler._balance:variance is 2.1684881067058844e+22
INFO:cooler._balance:variance is 2.021190642328173e+22
INFO:cooler._balance:variance is 1.8780262572564414e+22
INFO:cooler._balance:variance is 1.7505938310228255e+22
INFO:cooler._balance:variance is 1.6270570415047326e+22
INFO:cooler._balance:variance is 1.516776852645752e+22
INFO:cooler._balance:variance is 1.4101267939848977e+22
INFO:cooler._balance:variance is 1.3146609229721797e+22
INFO:cooler._balance:variance is 1.2225469689173757e+22
INFO:cooler._balance:variance is 1.1398800182948533e+22
INFO:cooler._balance:variance is 1.0602850818020784e+22
INFO:cooler._balance:variance is 9.886791950336482e+21
INFO:cooler._balance:variance is 9.198714433383524e+21
INFO:cooler._balance:variance is 8.578276553187078e+21
INFO:cooler._balance:variance is 7.983193625091605e+21
INFO:cooler._balance:variance is 7.445443842534036e+21
INFO:cooler._balance:variance is 6.930568429348686e+21
INFO:cooler._balance:variance is 6.464345106732679e+21
INFO:cooler._balance:variance is 6.018680910734056e+21
INFO:cooler._balance:variance is 5.614348195238281e+21
INFO:cooler._balance:variance is 5.228434047159723e+21
INFO:cooler._balance:variance is 4.877670782484184e+21
INFO:cooler._balance:variance is 4.5433622235967133e+21
INFO:cooler._balance:variance is 4.238980383213555e+21
INFO:cooler._balance:variance is 3.9492629423345595e+21
INFO:cooler._balance:variance is 3.6850514176867954e+21
ERROR:cooler.cli.balance:Iteration limit reached without convergence
ERROR:cooler.cli.balance:Storing final result. Check log to assess convergence.
