Looking to launch executable "/home/mahullocaladmin/Desktop/projects/Arima_hic_mapping_snakemake/.snakemake/conda/6efcc7ebee2600c15f1549ab18f1f0c8_/bin/bwa-mem2.avx2", simd = .avx2
Launching executable "/home/mahullocaladmin/Desktop/projects/Arima_hic_mapping_snakemake/.snakemake/conda/6efcc7ebee2600c15f1549ab18f1f0c8_/bin/bwa-mem2.avx2"
-----------------------------
Executing in AVX2 mode!!
-----------------------------
* SA compression enabled with xfactor: 8
* Ref file: data/references/ISO1_r6.58/dmel-all-chromosome-r6.58.fasta
* Entering FMI_search
* Index file found. Loading index from data/references/ISO1_r6.58/dmel-all-chromosome-r6.58.fasta.bwt.2bit.64
* Reference seq len for bi-index = 287452005
* sentinel-index: 117360390
* Count:
0,	1
1,	83259766
2,	143726003
3,	204192240
4,	287452005

* Reading other elements of the index from files data/references/ISO1_r6.58/dmel-all-chromosome-r6.58.fasta
* Index prefix: data/references/ISO1_r6.58/dmel-all-chromosome-r6.58.fasta
* Read 0 ALT contigs
* Done reading Index!!
* Reading reference genome..
* Binary seq file = data/references/ISO1_r6.58/dmel-all-chromosome-r6.58.fasta.0123
* Reference genome size: 287452004 bp
* Done reading reference genome !!

------------------------------------------
1. Memory pre-allocation for Chaining: 1114.7223 MB
2. Memory pre-allocation for BSW: 1916.9362 MB
3. Memory pre-allocation for BWT: 618.5134 MB
------------------------------------------
* Threads used (compute): 8
* No. of pipeline threads: 2

[0000] read_chunk: 80000000, work_chunk_size: 80000116, nseq: 547946
	[0000][ M::kt_pipeline] read 547946 sequences (80000116 bp)...
[0000] Reallocating initial memory allocations!!
[0000] Calling mem_process_seqs.., task: 0
[0000] 1. Calling kt_for - worker_bwt
[0000] read_chunk: 80000000, work_chunk_size: 80000116, nseq: 547946
	[0000][ M::kt_pipeline] read 547946 sequences (80000116 bp)...
[0000] 2. Calling kt_for - worker_aln
[0000] 3. Calling kt_for - worker_sam
	[0000][ M::mem_process_seqs] Processed 547946 reads in 101.748 CPU sec, 13.458 real sec
[0000] Calling mem_process_seqs.., task: 1
[0000] 1. Calling kt_for - worker_bwt
[0000] 2. Calling kt_for - worker_aln
[0000] read_chunk: 80000000, work_chunk_size: 80000116, nseq: 547946
	[0000][ M::kt_pipeline] read 547946 sequences (80000116 bp)...
[0000] 3. Calling kt_for - worker_sam
	[0000][ M::mem_process_seqs] Processed 547946 reads in 105.251 CPU sec, 14.225 real sec
[0000] Calling mem_process_seqs.., task: 2
[0000] 1. Calling kt_for - worker_bwt
[0000] 2. Calling kt_for - worker_aln
[0000] read_chunk: 80000000, work_chunk_size: 80000116, nseq: 547946
	[0000][ M::kt_pipeline] read 547946 sequences (80000116 bp)...
[0000] 3. Calling kt_for - worker_sam
	[0000][ M::mem_process_seqs] Processed 547946 reads in 96.220 CPU sec, 12.880 real sec
[0000] Calling mem_process_seqs.., task: 3
[0000] 1. Calling kt_for - worker_bwt
[0000] 2. Calling kt_for - worker_aln
[0000] read_chunk: 80000000, work_chunk_size: 80000116, nseq: 547946
	[0000][ M::kt_pipeline] read 547946 sequences (80000116 bp)...
[0000] 3. Calling kt_for - worker_sam
	[0000][ M::mem_process_seqs] Processed 547946 reads in 102.263 CPU sec, 13.477 real sec
[0000] Calling mem_process_seqs.., task: 4
[0000] 1. Calling kt_for - worker_bwt
[0000] 2. Calling kt_for - worker_aln
[0000] read_chunk: 80000000, work_chunk_size: 80000116, nseq: 547946
	[0000][ M::kt_pipeline] read 547946 sequences (80000116 bp)...
[0000] 3. Calling kt_for - worker_sam
	[0000][ M::mem_process_seqs] Processed 547946 reads in 100.156 CPU sec, 13.262 real sec
[0000] Calling mem_process_seqs.., task: 5
[0000] 1. Calling kt_for - worker_bwt
[0000] 2. Calling kt_for - worker_aln
[0000] read_chunk: 80000000, work_chunk_size: 80000116, nseq: 547946
	[0000][ M::kt_pipeline] read 547946 sequences (80000116 bp)...
[0000] 3. Calling kt_for - worker_sam
	[0000][ M::mem_process_seqs] Processed 547946 reads in 106.299 CPU sec, 14.120 real sec
[0000] Calling mem_process_seqs.., task: 6
[0000] 1. Calling kt_for - worker_bwt
[0000] 2. Calling kt_for - worker_aln
[0000] read_chunk: 80000000, work_chunk_size: 80000116, nseq: 547946
	[0000][ M::kt_pipeline] read 547946 sequences (80000116 bp)...
[0000] 3. Calling kt_for - worker_sam
	[0000][ M::mem_process_seqs] Processed 547946 reads in 103.821 CPU sec, 13.715 real sec
[0000] Calling mem_process_seqs.., task: 7
[0000] 1. Calling kt_for - worker_bwt
[0000] 2. Calling kt_for - worker_aln
[0000] read_chunk: 80000000, work_chunk_size: 80000116, nseq: 547946
	[0000][ M::kt_pipeline] read 547946 sequences (80000116 bp)...
[0000] 3. Calling kt_for - worker_sam
	[0000][ M::mem_process_seqs] Processed 547946 reads in 99.113 CPU sec, 12.848 real sec
[0000] Calling mem_process_seqs.., task: 8
[0000] 1. Calling kt_for - worker_bwt
[0000] 2. Calling kt_for - worker_aln
[0000] read_chunk: 80000000, work_chunk_size: 80000116, nseq: 547946
	[0000][ M::kt_pipeline] read 547946 sequences (80000116 bp)...
[0000] 3. Calling kt_for - worker_sam
	[0000][ M::mem_process_seqs] Processed 547946 reads in 102.794 CPU sec, 13.564 real sec
[0000] Calling mem_process_seqs.., task: 9
[0000] 1. Calling kt_for - worker_bwt
[0000] 2. Calling kt_for - worker_aln
[0000] read_chunk: 80000000, work_chunk_size: 80000116, nseq: 547946
	[0000][ M::kt_pipeline] read 547946 sequences (80000116 bp)...
[0000] 3. Calling kt_for - worker_sam
	[0000][ M::mem_process_seqs] Processed 547946 reads in 102.928 CPU sec, 13.686 real sec
[0000] Calling mem_process_seqs.., task: 10
[0000] 1. Calling kt_for - worker_bwt
[0000] 2. Calling kt_for - worker_aln
[0000] read_chunk: 80000000, work_chunk_size: 80000116, nseq: 547946
	[0000][ M::kt_pipeline] read 547946 sequences (80000116 bp)...
[0000] 3. Calling kt_for - worker_sam
	[0000][ M::mem_process_seqs] Processed 547946 reads in 101.876 CPU sec, 13.392 real sec
[0000] Calling mem_process_seqs.., task: 11
[0000] 1. Calling kt_for - worker_bwt
[0000] 2. Calling kt_for - worker_aln
[0000] read_chunk: 80000000, work_chunk_size: 80000116, nseq: 547946
	[0000][ M::kt_pipeline] read 547946 sequences (80000116 bp)...
[0000] 3. Calling kt_for - worker_sam
	[0000][ M::mem_process_seqs] Processed 547946 reads in 102.902 CPU sec, 13.496 real sec
[0000] Calling mem_process_seqs.., task: 12
[0000] 1. Calling kt_for - worker_bwt
[0000] 2. Calling kt_for - worker_aln
[0000] read_chunk: 80000000, work_chunk_size: 80000116, nseq: 547946
	[0000][ M::kt_pipeline] read 547946 sequences (80000116 bp)...
[0000] 3. Calling kt_for - worker_sam
	[0000][ M::mem_process_seqs] Processed 547946 reads in 98.142 CPU sec, 12.894 real sec
[0000] Calling mem_process_seqs.., task: 13
[0000] 1. Calling kt_for - worker_bwt
[0000] 2. Calling kt_for - worker_aln
[0000] read_chunk: 80000000, work_chunk_size: 80000116, nseq: 547946
	[0000][ M::kt_pipeline] read 547946 sequences (80000116 bp)...
[0000] 3. Calling kt_for - worker_sam
	[0000][ M::mem_process_seqs] Processed 547946 reads in 99.781 CPU sec, 13.104 real sec
[0000] Calling mem_process_seqs.., task: 14
[0000] 1. Calling kt_for - worker_bwt
[0000] 2. Calling kt_for - worker_aln
[0000] read_chunk: 80000000, work_chunk_size: 80000116, nseq: 547946
	[0000][ M::kt_pipeline] read 547946 sequences (80000116 bp)...
[0000] 3. Calling kt_for - worker_sam
	[0000][ M::mem_process_seqs] Processed 547946 reads in 104.146 CPU sec, 13.878 real sec
[0000] Calling mem_process_seqs.., task: 15
[0000] 1. Calling kt_for - worker_bwt
[0000] 2. Calling kt_for - worker_aln
[0000] read_chunk: 80000000, work_chunk_size: 80000116, nseq: 547946
	[0000][ M::kt_pipeline] read 547946 sequences (80000116 bp)...
[0000] 3. Calling kt_for - worker_sam
	[0000][ M::mem_process_seqs] Processed 547946 reads in 108.770 CPU sec, 14.203 real sec
[0000] Calling mem_process_seqs.., task: 16
[0000] 1. Calling kt_for - worker_bwt
[0000] 2. Calling kt_for - worker_aln
[0000] read_chunk: 80000000, work_chunk_size: 80000116, nseq: 547946
	[0000][ M::kt_pipeline] read 547946 sequences (80000116 bp)...
[0000] 3. Calling kt_for - worker_sam
	[0000][ M::mem_process_seqs] Processed 547946 reads in 110.184 CPU sec, 14.403 real sec
[0000] Calling mem_process_seqs.., task: 17
[0000] 1. Calling kt_for - worker_bwt
[0000] 2. Calling kt_for - worker_aln
[0000] read_chunk: 80000000, work_chunk_size: 80000116, nseq: 547946
	[0000][ M::kt_pipeline] read 547946 sequences (80000116 bp)...
[0000] 3. Calling kt_for - worker_sam
	[0000][ M::mem_process_seqs] Processed 547946 reads in 106.731 CPU sec, 14.135 real sec
[0000] Calling mem_process_seqs.., task: 18
[0000] 1. Calling kt_for - worker_bwt
[0000] 2. Calling kt_for - worker_aln
[0000] read_chunk: 80000000, work_chunk_size: 80000116, nseq: 547946
	[0000][ M::kt_pipeline] read 547946 sequences (80000116 bp)...
[0000] 3. Calling kt_for - worker_sam
	[0000][ M::mem_process_seqs] Processed 547946 reads in 112.932 CPU sec, 14.845 real sec
[0000] Calling mem_process_seqs.., task: 19
[0000] 1. Calling kt_for - worker_bwt
[0000] 2. Calling kt_for - worker_aln
[0000] read_chunk: 80000000, work_chunk_size: 80000116, nseq: 547946
	[0000][ M::kt_pipeline] read 547946 sequences (80000116 bp)...
[0000] 3. Calling kt_for - worker_sam
	[0000][ M::mem_process_seqs] Processed 547946 reads in 104.635 CPU sec, 13.491 real sec
[0000] Calling mem_process_seqs.., task: 20
[0000] 1. Calling kt_for - worker_bwt
[0000] 2. Calling kt_for - worker_aln
[0000] read_chunk: 80000000, work_chunk_size: 80000116, nseq: 547946
	[0000][ M::kt_pipeline] read 547946 sequences (80000116 bp)...
[0000] 3. Calling kt_for - worker_sam
	[0000][ M::mem_process_seqs] Processed 547946 reads in 105.194 CPU sec, 13.829 real sec
[0000] Calling mem_process_seqs.., task: 21
[0000] 1. Calling kt_for - worker_bwt
[0000] 2. Calling kt_for - worker_aln
[0000] read_chunk: 80000000, work_chunk_size: 80000116, nseq: 547946
	[0000][ M::kt_pipeline] read 547946 sequences (80000116 bp)...
[0000] 3. Calling kt_for - worker_sam
	[0000][ M::mem_process_seqs] Processed 547946 reads in 106.524 CPU sec, 14.289 real sec
[0000] Calling mem_process_seqs.., task: 22
[0000] 1. Calling kt_for - worker_bwt
[0000] 2. Calling kt_for - worker_aln
[0000] read_chunk: 80000000, work_chunk_size: 80000116, nseq: 547946
	[0000][ M::kt_pipeline] read 547946 sequences (80000116 bp)...
[0000] 3. Calling kt_for - worker_sam
	[0000][ M::mem_process_seqs] Processed 547946 reads in 109.478 CPU sec, 14.581 real sec
[0000] Calling mem_process_seqs.., task: 23
[0000] 1. Calling kt_for - worker_bwt
[0000] 2. Calling kt_for - worker_aln
[0000] read_chunk: 80000000, work_chunk_size: 80000116, nseq: 547946
	[0000][ M::kt_pipeline] read 547946 sequences (80000116 bp)...
[0000] 3. Calling kt_for - worker_sam
	[0000][ M::mem_process_seqs] Processed 547946 reads in 108.669 CPU sec, 14.437 real sec
[0000] Calling mem_process_seqs.., task: 24
[0000] 1. Calling kt_for - worker_bwt
[0000] 2. Calling kt_for - worker_aln
[0000] read_chunk: 80000000, work_chunk_size: 80000116, nseq: 547946
	[0000][ M::kt_pipeline] read 547946 sequences (80000116 bp)...
[0000] 3. Calling kt_for - worker_sam
	[0000][ M::mem_process_seqs] Processed 547946 reads in 100.678 CPU sec, 13.213 real sec
[0000] Calling mem_process_seqs.., task: 25
[0000] 1. Calling kt_for - worker_bwt
[0000] 2. Calling kt_for - worker_aln
[0000] read_chunk: 80000000, work_chunk_size: 80000116, nseq: 547946
	[0000][ M::kt_pipeline] read 547946 sequences (80000116 bp)...
[0000] 3. Calling kt_for - worker_sam
	[0000][ M::mem_process_seqs] Processed 547946 reads in 99.992 CPU sec, 13.252 real sec
[0000] Calling mem_process_seqs.., task: 26
[0000] 1. Calling kt_for - worker_bwt
[0000] 2. Calling kt_for - worker_aln
[0000] read_chunk: 80000000, work_chunk_size: 80000116, nseq: 547946
	[0000][ M::kt_pipeline] read 547946 sequences (80000116 bp)...
[0000] 3. Calling kt_for - worker_sam
	[0000][ M::mem_process_seqs] Processed 547946 reads in 105.397 CPU sec, 13.810 real sec
[0000] Calling mem_process_seqs.., task: 27
[0000] 1. Calling kt_for - worker_bwt
[0000] 2. Calling kt_for - worker_aln
[0000] read_chunk: 80000000, work_chunk_size: 80000116, nseq: 547946
	[0000][ M::kt_pipeline] read 547946 sequences (80000116 bp)...
[0000] 3. Calling kt_for - worker_sam
	[0000][ M::mem_process_seqs] Processed 547946 reads in 106.584 CPU sec, 14.206 real sec
[0000] Calling mem_process_seqs.., task: 28
[0000] 1. Calling kt_for - worker_bwt
[0000] 2. Calling kt_for - worker_aln
[0000] read_chunk: 80000000, work_chunk_size: 80000116, nseq: 547946
	[0000][ M::kt_pipeline] read 547946 sequences (80000116 bp)...
[0000] 3. Calling kt_for - worker_sam
	[0000][ M::mem_process_seqs] Processed 547946 reads in 112.540 CPU sec, 14.901 real sec
[0000] Calling mem_process_seqs.., task: 29
[0000] 1. Calling kt_for - worker_bwt
[0000] 2. Calling kt_for - worker_aln
[0000] read_chunk: 80000000, work_chunk_size: 80000116, nseq: 547946
	[0000][ M::kt_pipeline] read 547946 sequences (80000116 bp)...
[0000] 3. Calling kt_for - worker_sam
	[0000][ M::mem_process_seqs] Processed 547946 reads in 110.628 CPU sec, 14.742 real sec
[0000] Calling mem_process_seqs.., task: 30
[0000] 1. Calling kt_for - worker_bwt
[0000] 2. Calling kt_for - worker_aln
[0000] read_chunk: 80000000, work_chunk_size: 80000116, nseq: 547946
	[0000][ M::kt_pipeline] read 547946 sequences (80000116 bp)...
[0000] 3. Calling kt_for - worker_sam
	[0000][ M::mem_process_seqs] Processed 547946 reads in 115.099 CPU sec, 15.284 real sec
[0000] Calling mem_process_seqs.., task: 31
[0000] 1. Calling kt_for - worker_bwt
[0000] 2. Calling kt_for - worker_aln
[0000] read_chunk: 80000000, work_chunk_size: 80000116, nseq: 547946
	[0000][ M::kt_pipeline] read 547946 sequences (80000116 bp)...
[0000] 3. Calling kt_for - worker_sam
	[0000][ M::mem_process_seqs] Processed 547946 reads in 107.236 CPU sec, 14.331 real sec
[0000] Calling mem_process_seqs.., task: 32
[0000] 1. Calling kt_for - worker_bwt
[0000] 2. Calling kt_for - worker_aln
[0000] read_chunk: 80000000, work_chunk_size: 80000116, nseq: 547946
	[0000][ M::kt_pipeline] read 547946 sequences (80000116 bp)...
[0000] 3. Calling kt_for - worker_sam
	[0000][ M::mem_process_seqs] Processed 547946 reads in 108.141 CPU sec, 14.178 real sec
[0000] Calling mem_process_seqs.., task: 33
[0000] 1. Calling kt_for - worker_bwt
[0000] 2. Calling kt_for - worker_aln
[0000] read_chunk: 80000000, work_chunk_size: 80000116, nseq: 547946
	[0000][ M::kt_pipeline] read 547946 sequences (80000116 bp)...
[0000] 3. Calling kt_for - worker_sam
	[0000][ M::mem_process_seqs] Processed 547946 reads in 113.962 CPU sec, 15.243 real sec
[0000] Calling mem_process_seqs.., task: 34
[0000] 1. Calling kt_for - worker_bwt
[0000] 2. Calling kt_for - worker_aln
[0000] read_chunk: 80000000, work_chunk_size: 80000116, nseq: 547946
	[0000][ M::kt_pipeline] read 547946 sequences (80000116 bp)...
[0000] 3. Calling kt_for - worker_sam
	[0000][ M::mem_process_seqs] Processed 547946 reads in 111.126 CPU sec, 14.660 real sec
[0000] Calling mem_process_seqs.., task: 35
[0000] 1. Calling kt_for - worker_bwt
[0000] 2. Calling kt_for - worker_aln
[0000] read_chunk: 80000000, work_chunk_size: 80000116, nseq: 547946
	[0000][ M::kt_pipeline] read 547946 sequences (80000116 bp)...
[0000] 3. Calling kt_for - worker_sam
	[0000][ M::mem_process_seqs] Processed 547946 reads in 106.034 CPU sec, 13.814 real sec
[0000] Calling mem_process_seqs.., task: 36
[0000] 1. Calling kt_for - worker_bwt
[0000] 2. Calling kt_for - worker_aln
[0000] read_chunk: 80000000, work_chunk_size: 80000116, nseq: 547946
	[0000][ M::kt_pipeline] read 547946 sequences (80000116 bp)...
[0000] 3. Calling kt_for - worker_sam
	[0000][ M::mem_process_seqs] Processed 547946 reads in 99.032 CPU sec, 13.009 real sec
[0000] Calling mem_process_seqs.., task: 37
[0000] 1. Calling kt_for - worker_bwt
[0000] 2. Calling kt_for - worker_aln
[0000] read_chunk: 80000000, work_chunk_size: 80000116, nseq: 547946
	[0000][ M::kt_pipeline] read 547946 sequences (80000116 bp)...
[0000] 3. Calling kt_for - worker_sam
	[0000][ M::mem_process_seqs] Processed 547946 reads in 111.367 CPU sec, 14.680 real sec
[0000] Calling mem_process_seqs.., task: 38
[0000] 1. Calling kt_for - worker_bwt
[0000] 2. Calling kt_for - worker_aln
[0000] read_chunk: 80000000, work_chunk_size: 80000116, nseq: 547946
	[0000][ M::kt_pipeline] read 547946 sequences (80000116 bp)...
[0000] 3. Calling kt_for - worker_sam
	[0000][ M::mem_process_seqs] Processed 547946 reads in 98.409 CPU sec, 12.901 real sec
[0000] Calling mem_process_seqs.., task: 39
[0000] 1. Calling kt_for - worker_bwt
[0000] 2. Calling kt_for - worker_aln
[0000] read_chunk: 80000000, work_chunk_size: 80000116, nseq: 547946
	[0000][ M::kt_pipeline] read 547946 sequences (80000116 bp)...
[0000] 3. Calling kt_for - worker_sam
	[0000][ M::mem_process_seqs] Processed 547946 reads in 102.040 CPU sec, 13.509 real sec
[0000] Calling mem_process_seqs.., task: 40
[0000] 1. Calling kt_for - worker_bwt
[0000] 2. Calling kt_for - worker_aln
[0000] read_chunk: 80000000, work_chunk_size: 80000116, nseq: 547946
	[0000][ M::kt_pipeline] read 547946 sequences (80000116 bp)...
[0000] 3. Calling kt_for - worker_sam
	[0000][ M::mem_process_seqs] Processed 547946 reads in 106.037 CPU sec, 13.897 real sec
[0000] Calling mem_process_seqs.., task: 41
[0000] 1. Calling kt_for - worker_bwt
[0000] 2. Calling kt_for - worker_aln
[0000] read_chunk: 80000000, work_chunk_size: 80000116, nseq: 547946
	[0000][ M::kt_pipeline] read 547946 sequences (80000116 bp)...
[0000] 3. Calling kt_for - worker_sam
	[0000][ M::mem_process_seqs] Processed 547946 reads in 102.066 CPU sec, 13.458 real sec
[0000] Calling mem_process_seqs.., task: 42
[0000] 1. Calling kt_for - worker_bwt
[0000] 2. Calling kt_for - worker_aln
[0000] read_chunk: 80000000, work_chunk_size: 80000116, nseq: 547946
	[0000][ M::kt_pipeline] read 547946 sequences (80000116 bp)...
[0000] 3. Calling kt_for - worker_sam
	[0000][ M::mem_process_seqs] Processed 547946 reads in 96.986 CPU sec, 12.619 real sec
[0000] Calling mem_process_seqs.., task: 43
[0000] 1. Calling kt_for - worker_bwt
[0000] 2. Calling kt_for - worker_aln
[0000] read_chunk: 80000000, work_chunk_size: 80000116, nseq: 547946
	[0000][ M::kt_pipeline] read 547946 sequences (80000116 bp)...
[0000] 3. Calling kt_for - worker_sam
	[0000][ M::mem_process_seqs] Processed 547946 reads in 98.759 CPU sec, 12.844 real sec
[0000] Calling mem_process_seqs.., task: 44
[0000] 1. Calling kt_for - worker_bwt
[0000] 2. Calling kt_for - worker_aln
[0000] read_chunk: 80000000, work_chunk_size: 80000116, nseq: 547946
	[0000][ M::kt_pipeline] read 547946 sequences (80000116 bp)...
[0000] 3. Calling kt_for - worker_sam
	[0000][ M::mem_process_seqs] Processed 547946 reads in 103.285 CPU sec, 13.697 real sec
[0000] Calling mem_process_seqs.., task: 45
[0000] 1. Calling kt_for - worker_bwt
[0000] 2. Calling kt_for - worker_aln
[0000] read_chunk: 80000000, work_chunk_size: 80000116, nseq: 547946
	[0000][ M::kt_pipeline] read 547946 sequences (80000116 bp)...
[0000] 3. Calling kt_for - worker_sam
	[0000][ M::mem_process_seqs] Processed 547946 reads in 103.428 CPU sec, 13.518 real sec
[0000] Calling mem_process_seqs.., task: 46
[0000] 1. Calling kt_for - worker_bwt
[0000] 2. Calling kt_for - worker_aln
[0000] read_chunk: 80000000, work_chunk_size: 80000116, nseq: 547946
	[0000][ M::kt_pipeline] read 547946 sequences (80000116 bp)...
[0000] 3. Calling kt_for - worker_sam
	[0000][ M::mem_process_seqs] Processed 547946 reads in 104.022 CPU sec, 13.755 real sec
[0000] Calling mem_process_seqs.., task: 47
[0000] 1. Calling kt_for - worker_bwt
[0000] 2. Calling kt_for - worker_aln
[0000] read_chunk: 80000000, work_chunk_size: 80000116, nseq: 547946
	[0000][ M::kt_pipeline] read 547946 sequences (80000116 bp)...
[0000] 3. Calling kt_for - worker_sam
	[0000][ M::mem_process_seqs] Processed 547946 reads in 101.741 CPU sec, 13.454 real sec
[0000] Calling mem_process_seqs.., task: 48
[0000] 1. Calling kt_for - worker_bwt
[0000] 2. Calling kt_for - worker_aln
[0000] read_chunk: 80000000, work_chunk_size: 80000116, nseq: 547946
	[0000][ M::kt_pipeline] read 547946 sequences (80000116 bp)...
[0000] 3. Calling kt_for - worker_sam
	[0000][ M::mem_process_seqs] Processed 547946 reads in 103.341 CPU sec, 13.828 real sec
[0000] Calling mem_process_seqs.., task: 49
[0000] 1. Calling kt_for - worker_bwt
[0000] 2. Calling kt_for - worker_aln
[0000] read_chunk: 80000000, work_chunk_size: 80000116, nseq: 547946
	[0000][ M::kt_pipeline] read 547946 sequences (80000116 bp)...
[0000] 3. Calling kt_for - worker_sam
	[0000][ M::mem_process_seqs] Processed 547946 reads in 101.293 CPU sec, 13.179 real sec
[0000] Calling mem_process_seqs.., task: 50
[0000] 1. Calling kt_for - worker_bwt
[0000] 2. Calling kt_for - worker_aln
[0000] read_chunk: 80000000, work_chunk_size: 80000116, nseq: 547946
	[0000][ M::kt_pipeline] read 547946 sequences (80000116 bp)...
[0000] 3. Calling kt_for - worker_sam
	[0000][ M::mem_process_seqs] Processed 547946 reads in 102.238 CPU sec, 13.415 real sec
[0000] Calling mem_process_seqs.., task: 51
[0000] 1. Calling kt_for - worker_bwt
[0000] 2. Calling kt_for - worker_aln
[0000] read_chunk: 80000000, work_chunk_size: 80000116, nseq: 547946
	[0000][ M::kt_pipeline] read 547946 sequences (80000116 bp)...
[0000] 3. Calling kt_for - worker_sam
	[0000][ M::mem_process_seqs] Processed 547946 reads in 102.726 CPU sec, 13.559 real sec
[0000] Calling mem_process_seqs.., task: 52
[0000] 1. Calling kt_for - worker_bwt
[0000] 2. Calling kt_for - worker_aln
[0000] read_chunk: 80000000, work_chunk_size: 80000116, nseq: 547946
	[0000][ M::kt_pipeline] read 547946 sequences (80000116 bp)...
[0000] 3. Calling kt_for - worker_sam
	[0000][ M::mem_process_seqs] Processed 547946 reads in 104.013 CPU sec, 13.914 real sec
[0000] Calling mem_process_seqs.., task: 53
[0000] 1. Calling kt_for - worker_bwt
[0000] 2. Calling kt_for - worker_aln
[0000] read_chunk: 80000000, work_chunk_size: 80000116, nseq: 547946
	[0000][ M::kt_pipeline] read 547946 sequences (80000116 bp)...
[0000] 3. Calling kt_for - worker_sam
	[0000][ M::mem_process_seqs] Processed 547946 reads in 107.327 CPU sec, 14.208 real sec
[0000] Calling mem_process_seqs.., task: 54
[0000] 1. Calling kt_for - worker_bwt
[0000] 2. Calling kt_for - worker_aln
[0000] read_chunk: 80000000, work_chunk_size: 80000116, nseq: 547946
	[0000][ M::kt_pipeline] read 547946 sequences (80000116 bp)...
[0000] 3. Calling kt_for - worker_sam
	[0000][ M::mem_process_seqs] Processed 547946 reads in 108.462 CPU sec, 14.547 real sec
[0000] Calling mem_process_seqs.., task: 55
[0000] 1. Calling kt_for - worker_bwt
[0000] 2. Calling kt_for - worker_aln
[0000] read_chunk: 80000000, work_chunk_size: 80000116, nseq: 547946
	[0000][ M::kt_pipeline] read 547946 sequences (80000116 bp)...
[0000] 3. Calling kt_for - worker_sam
	[0000][ M::mem_process_seqs] Processed 547946 reads in 104.828 CPU sec, 14.081 real sec
[0000] Calling mem_process_seqs.., task: 56
[0000] 1. Calling kt_for - worker_bwt
[0000] 2. Calling kt_for - worker_aln
[0000] read_chunk: 80000000, work_chunk_size: 80000116, nseq: 547946
	[0000][ M::kt_pipeline] read 547946 sequences (80000116 bp)...
[0000] 3. Calling kt_for - worker_sam
	[0000][ M::mem_process_seqs] Processed 547946 reads in 107.965 CPU sec, 14.659 real sec
[0000] Calling mem_process_seqs.., task: 57
[0000] 1. Calling kt_for - worker_bwt
[0000] 2. Calling kt_for - worker_aln
[0000] read_chunk: 80000000, work_chunk_size: 80000116, nseq: 547946
	[0000][ M::kt_pipeline] read 547946 sequences (80000116 bp)...
[0000] 3. Calling kt_for - worker_sam
	[0000][ M::mem_process_seqs] Processed 547946 reads in 103.961 CPU sec, 14.116 real sec
[0000] Calling mem_process_seqs.., task: 58
[0000] 1. Calling kt_for - worker_bwt
[0000] 2. Calling kt_for - worker_aln
[0000] read_chunk: 80000000, work_chunk_size: 80000116, nseq: 547946
	[0000][ M::kt_pipeline] read 547946 sequences (80000116 bp)...
[0000] 3. Calling kt_for - worker_sam
	[0000][ M::mem_process_seqs] Processed 547946 reads in 102.359 CPU sec, 13.631 real sec
[0000] Calling mem_process_seqs.., task: 59
[0000] 1. Calling kt_for - worker_bwt
[0000] 2. Calling kt_for - worker_aln
[0000] read_chunk: 80000000, work_chunk_size: 80000116, nseq: 547946
	[0000][ M::kt_pipeline] read 547946 sequences (80000116 bp)...
[0000] 3. Calling kt_for - worker_sam
	[0000][ M::mem_process_seqs] Processed 547946 reads in 91.554 CPU sec, 12.226 real sec
[0000] Calling mem_process_seqs.., task: 60
[0000] 1. Calling kt_for - worker_bwt
[0000] 2. Calling kt_for - worker_aln
[0000] read_chunk: 80000000, work_chunk_size: 80000116, nseq: 547946
	[0000][ M::kt_pipeline] read 547946 sequences (80000116 bp)...
[0000] 3. Calling kt_for - worker_sam
	[0000][ M::mem_process_seqs] Processed 547946 reads in 101.210 CPU sec, 13.453 real sec
[0000] Calling mem_process_seqs.., task: 61
[0000] 1. Calling kt_for - worker_bwt
[0000] 2. Calling kt_for - worker_aln
[0000] read_chunk: 80000000, work_chunk_size: 80000116, nseq: 547946
	[0000][ M::kt_pipeline] read 547946 sequences (80000116 bp)...
[0000] 3. Calling kt_for - worker_sam
	[0000][ M::mem_process_seqs] Processed 547946 reads in 92.850 CPU sec, 12.443 real sec
[0000] Calling mem_process_seqs.., task: 62
[0000] 1. Calling kt_for - worker_bwt
[0000] 2. Calling kt_for - worker_aln
[0000] read_chunk: 80000000, work_chunk_size: 80000116, nseq: 547946
	[0000][ M::kt_pipeline] read 547946 sequences (80000116 bp)...
[0000] 3. Calling kt_for - worker_sam
	[0000][ M::mem_process_seqs] Processed 547946 reads in 100.361 CPU sec, 13.212 real sec
[0000] Calling mem_process_seqs.., task: 63
[0000] 1. Calling kt_for - worker_bwt
[0000] 2. Calling kt_for - worker_aln
[0000] read_chunk: 80000000, work_chunk_size: 80000116, nseq: 547946
	[0000][ M::kt_pipeline] read 547946 sequences (80000116 bp)...
[0000] 3. Calling kt_for - worker_sam
	[0000][ M::mem_process_seqs] Processed 547946 reads in 98.180 CPU sec, 12.985 real sec
[0000] Calling mem_process_seqs.., task: 64
[0000] 1. Calling kt_for - worker_bwt
[0000] 2. Calling kt_for - worker_aln
[0000] read_chunk: 80000000, work_chunk_size: 80000116, nseq: 547946
	[0000][ M::kt_pipeline] read 547946 sequences (80000116 bp)...
[0000] 3. Calling kt_for - worker_sam
	[0000][ M::mem_process_seqs] Processed 547946 reads in 100.073 CPU sec, 13.406 real sec
[0000] Calling mem_process_seqs.., task: 65
[0000] 1. Calling kt_for - worker_bwt
[0000] 2. Calling kt_for - worker_aln
[0000] read_chunk: 80000000, work_chunk_size: 80000116, nseq: 547946
	[0000][ M::kt_pipeline] read 547946 sequences (80000116 bp)...
[0000] 3. Calling kt_for - worker_sam
	[0000][ M::mem_process_seqs] Processed 547946 reads in 95.904 CPU sec, 12.550 real sec
[0000] Calling mem_process_seqs.., task: 66
[0000] 1. Calling kt_for - worker_bwt
[0000] 2. Calling kt_for - worker_aln
[0000] read_chunk: 80000000, work_chunk_size: 80000116, nseq: 547946
	[0000][ M::kt_pipeline] read 547946 sequences (80000116 bp)...
[0000] 3. Calling kt_for - worker_sam
	[0000][ M::mem_process_seqs] Processed 547946 reads in 104.057 CPU sec, 13.710 real sec
[0000] Calling mem_process_seqs.., task: 67
[0000] 1. Calling kt_for - worker_bwt
[0000] 2. Calling kt_for - worker_aln
[0000] read_chunk: 80000000, work_chunk_size: 80000116, nseq: 547946
	[0000][ M::kt_pipeline] read 547946 sequences (80000116 bp)...
[0000] 3. Calling kt_for - worker_sam
	[0000][ M::mem_process_seqs] Processed 547946 reads in 101.900 CPU sec, 13.308 real sec
[0000] Calling mem_process_seqs.., task: 68
[0000] 1. Calling kt_for - worker_bwt
[0000] 2. Calling kt_for - worker_aln
[0000] read_chunk: 80000000, work_chunk_size: 80000116, nseq: 547946
	[0000][ M::kt_pipeline] read 547946 sequences (80000116 bp)...
[0000] 3. Calling kt_for - worker_sam
	[0000][ M::mem_process_seqs] Processed 547946 reads in 97.840 CPU sec, 12.790 real sec
[0000] Calling mem_process_seqs.., task: 69
[0000] 1. Calling kt_for - worker_bwt
[0000] 2. Calling kt_for - worker_aln
[0000] read_chunk: 80000000, work_chunk_size: 80000116, nseq: 547946
	[0000][ M::kt_pipeline] read 547946 sequences (80000116 bp)...
[0000] 3. Calling kt_for - worker_sam
	[0000][ M::mem_process_seqs] Processed 547946 reads in 94.359 CPU sec, 12.366 real sec
[0000] Calling mem_process_seqs.., task: 70
[0000] 1. Calling kt_for - worker_bwt
[0000] 2. Calling kt_for - worker_aln
[0000] read_chunk: 80000000, work_chunk_size: 80000116, nseq: 547946
	[0000][ M::kt_pipeline] read 547946 sequences (80000116 bp)...
[0000] 3. Calling kt_for - worker_sam
	[0000][ M::mem_process_seqs] Processed 547946 reads in 96.402 CPU sec, 12.835 real sec
[0000] Calling mem_process_seqs.., task: 71
[0000] 1. Calling kt_for - worker_bwt
[0000] 2. Calling kt_for - worker_aln
[0000] read_chunk: 80000000, work_chunk_size: 80000116, nseq: 547946
	[0000][ M::kt_pipeline] read 547946 sequences (80000116 bp)...
[0000] 3. Calling kt_for - worker_sam
	[0000][ M::mem_process_seqs] Processed 547946 reads in 90.874 CPU sec, 11.956 real sec
[0000] Calling mem_process_seqs.., task: 72
[0000] 1. Calling kt_for - worker_bwt
[0000] 2. Calling kt_for - worker_aln
[0000] read_chunk: 80000000, work_chunk_size: 80000116, nseq: 547946
	[0000][ M::kt_pipeline] read 547946 sequences (80000116 bp)...
[0000] 3. Calling kt_for - worker_sam
	[0000][ M::mem_process_seqs] Processed 547946 reads in 95.940 CPU sec, 12.925 real sec
[0000] Calling mem_process_seqs.., task: 73
[0000] 1. Calling kt_for - worker_bwt
[0000] 2. Calling kt_for - worker_aln
[0000] read_chunk: 80000000, work_chunk_size: 80000116, nseq: 547946
	[0000][ M::kt_pipeline] read 547946 sequences (80000116 bp)...
[0000] 3. Calling kt_for - worker_sam
	[0000][ M::mem_process_seqs] Processed 547946 reads in 99.709 CPU sec, 13.207 real sec
[0000] Calling mem_process_seqs.., task: 74
[0000] 1. Calling kt_for - worker_bwt
[0000] 2. Calling kt_for - worker_aln
[0000] read_chunk: 80000000, work_chunk_size: 80000116, nseq: 547946
	[0000][ M::kt_pipeline] read 547946 sequences (80000116 bp)...
[0000] 3. Calling kt_for - worker_sam
	[0000][ M::mem_process_seqs] Processed 547946 reads in 99.458 CPU sec, 13.141 real sec
[0000] Calling mem_process_seqs.., task: 75
[0000] 1. Calling kt_for - worker_bwt
[0000] 2. Calling kt_for - worker_aln
[0000] read_chunk: 80000000, work_chunk_size: 80000116, nseq: 547946
	[0000][ M::kt_pipeline] read 547946 sequences (80000116 bp)...
[0000] 3. Calling kt_for - worker_sam
	[0000][ M::mem_process_seqs] Processed 547946 reads in 104.047 CPU sec, 13.694 real sec
[0000] Calling mem_process_seqs.., task: 76
[0000] 1. Calling kt_for - worker_bwt
[0000] 2. Calling kt_for - worker_aln
[0000] read_chunk: 80000000, work_chunk_size: 80000116, nseq: 547946
	[0000][ M::kt_pipeline] read 547946 sequences (80000116 bp)...
[0000] 3. Calling kt_for - worker_sam
	[0000][ M::mem_process_seqs] Processed 547946 reads in 97.660 CPU sec, 12.906 real sec
[0000] Calling mem_process_seqs.., task: 77
[0000] 1. Calling kt_for - worker_bwt
[0000] 2. Calling kt_for - worker_aln
[0000] read_chunk: 80000000, work_chunk_size: 80000116, nseq: 547946
	[0000][ M::kt_pipeline] read 547946 sequences (80000116 bp)...
[0000] 3. Calling kt_for - worker_sam
	[0000][ M::mem_process_seqs] Processed 547946 reads in 105.937 CPU sec, 14.254 real sec
[0000] Calling mem_process_seqs.., task: 78
[0000] 1. Calling kt_for - worker_bwt
[0000] 2. Calling kt_for - worker_aln
[0000] read_chunk: 80000000, work_chunk_size: 80000116, nseq: 547946
	[0000][ M::kt_pipeline] read 547946 sequences (80000116 bp)...
[0000] 3. Calling kt_for - worker_sam
	[0000][ M::mem_process_seqs] Processed 547946 reads in 98.382 CPU sec, 13.117 real sec
[0000] Calling mem_process_seqs.., task: 79
[0000] 1. Calling kt_for - worker_bwt
[0000] 2. Calling kt_for - worker_aln
[0000] read_chunk: 80000000, work_chunk_size: 80000116, nseq: 547946
	[0000][ M::kt_pipeline] read 547946 sequences (80000116 bp)...
[0000] 3. Calling kt_for - worker_sam
	[0000][ M::mem_process_seqs] Processed 547946 reads in 101.944 CPU sec, 13.671 real sec
[0000] Calling mem_process_seqs.., task: 80
[0000] 1. Calling kt_for - worker_bwt
[0000] 2. Calling kt_for - worker_aln
[0000] read_chunk: 80000000, work_chunk_size: 80000116, nseq: 547946
	[0000][ M::kt_pipeline] read 547946 sequences (80000116 bp)...
[0000] 3. Calling kt_for - worker_sam
	[0000][ M::mem_process_seqs] Processed 547946 reads in 91.191 CPU sec, 12.269 real sec
[0000] Calling mem_process_seqs.., task: 81
[0000] 1. Calling kt_for - worker_bwt
[0000] 2. Calling kt_for - worker_aln
[0000] read_chunk: 80000000, work_chunk_size: 80000116, nseq: 547946
	[0000][ M::kt_pipeline] read 547946 sequences (80000116 bp)...
[0000] 3. Calling kt_for - worker_sam
	[0000][ M::mem_process_seqs] Processed 547946 reads in 93.481 CPU sec, 12.934 real sec
[0000] Calling mem_process_seqs.., task: 82
[0000] 1. Calling kt_for - worker_bwt
[0000] 2. Calling kt_for - worker_aln
[0000] read_chunk: 80000000, work_chunk_size: 80000116, nseq: 547946
	[0000][ M::kt_pipeline] read 547946 sequences (80000116 bp)...
[0000] 3. Calling kt_for - worker_sam
	[0000][ M::mem_process_seqs] Processed 547946 reads in 98.472 CPU sec, 13.809 real sec
[0000] Calling mem_process_seqs.., task: 83
[0000] 1. Calling kt_for - worker_bwt
[0000] 2. Calling kt_for - worker_aln
[0000] read_chunk: 80000000, work_chunk_size: 80000116, nseq: 547946
	[0000][ M::kt_pipeline] read 547946 sequences (80000116 bp)...
[0000] 3. Calling kt_for - worker_sam
	[0000][ M::mem_process_seqs] Processed 547946 reads in 96.392 CPU sec, 12.924 real sec
[0000] Calling mem_process_seqs.., task: 84
[0000] 1. Calling kt_for - worker_bwt
[0000] 2. Calling kt_for - worker_aln
[0000] read_chunk: 80000000, work_chunk_size: 80000116, nseq: 547946
	[0000][ M::kt_pipeline] read 547946 sequences (80000116 bp)...
[0000] 3. Calling kt_for - worker_sam
	[0000][ M::mem_process_seqs] Processed 547946 reads in 95.308 CPU sec, 13.075 real sec
[0000] Calling mem_process_seqs.., task: 85
[0000] 1. Calling kt_for - worker_bwt
[0000] 2. Calling kt_for - worker_aln
[0000] read_chunk: 80000000, work_chunk_size: 80000116, nseq: 547946
	[0000][ M::kt_pipeline] read 547946 sequences (80000116 bp)...
[0000] 3. Calling kt_for - worker_sam
	[0000][ M::mem_process_seqs] Processed 547946 reads in 88.719 CPU sec, 11.555 real sec
[0000] Calling mem_process_seqs.., task: 86
[0000] 1. Calling kt_for - worker_bwt
[0000] 2. Calling kt_for - worker_aln
[0000] read_chunk: 80000000, work_chunk_size: 80000116, nseq: 547946
	[0000][ M::kt_pipeline] read 547946 sequences (80000116 bp)...
[0000] 3. Calling kt_for - worker_sam
	[0000][ M::mem_process_seqs] Processed 547946 reads in 93.437 CPU sec, 12.320 real sec
[0000] Calling mem_process_seqs.., task: 87
[0000] 1. Calling kt_for - worker_bwt
[0000] 2. Calling kt_for - worker_aln
[0000] read_chunk: 80000000, work_chunk_size: 80000116, nseq: 547946
	[0000][ M::kt_pipeline] read 547946 sequences (80000116 bp)...
[0000] 3. Calling kt_for - worker_sam
	[0000][ M::mem_process_seqs] Processed 547946 reads in 92.217 CPU sec, 12.252 real sec
[0000] Calling mem_process_seqs.., task: 88
[0000] 1. Calling kt_for - worker_bwt
[0000] 2. Calling kt_for - worker_aln
[0000] read_chunk: 80000000, work_chunk_size: 80000116, nseq: 547946
	[0000][ M::kt_pipeline] read 547946 sequences (80000116 bp)...
[0000] 3. Calling kt_for - worker_sam
	[0000][ M::mem_process_seqs] Processed 547946 reads in 86.189 CPU sec, 11.323 real sec
[0000] Calling mem_process_seqs.., task: 89
[0000] 1. Calling kt_for - worker_bwt
[0000] 2. Calling kt_for - worker_aln
[0000] read_chunk: 80000000, work_chunk_size: 80000116, nseq: 547946
	[0000][ M::kt_pipeline] read 547946 sequences (80000116 bp)...
[0000] 3. Calling kt_for - worker_sam
	[0000][ M::mem_process_seqs] Processed 547946 reads in 99.151 CPU sec, 13.087 real sec
[0000] Calling mem_process_seqs.., task: 90
[0000] 1. Calling kt_for - worker_bwt
[0000] 2. Calling kt_for - worker_aln
[0000] read_chunk: 80000000, work_chunk_size: 80000116, nseq: 547946
	[0000][ M::kt_pipeline] read 547946 sequences (80000116 bp)...
[0000] 3. Calling kt_for - worker_sam
	[0000][ M::mem_process_seqs] Processed 547946 reads in 92.893 CPU sec, 12.026 real sec
[0000] Calling mem_process_seqs.., task: 91
[0000] 1. Calling kt_for - worker_bwt
[0000] 2. Calling kt_for - worker_aln
[0000] read_chunk: 80000000, work_chunk_size: 80000116, nseq: 547946
	[0000][ M::kt_pipeline] read 547946 sequences (80000116 bp)...
[0000] 3. Calling kt_for - worker_sam
	[0000][ M::mem_process_seqs] Processed 547946 reads in 104.323 CPU sec, 14.154 real sec
[0000] Calling mem_process_seqs.., task: 92
[0000] 1. Calling kt_for - worker_bwt
[0000] 2. Calling kt_for - worker_aln
[0000] read_chunk: 80000000, work_chunk_size: 80000116, nseq: 547946
	[0000][ M::kt_pipeline] read 547946 sequences (80000116 bp)...
[0000] 3. Calling kt_for - worker_sam
	[0000][ M::mem_process_seqs] Processed 547946 reads in 92.403 CPU sec, 12.496 real sec
[0000] Calling mem_process_seqs.., task: 93
[0000] 1. Calling kt_for - worker_bwt
[0000] 2. Calling kt_for - worker_aln
[0000] read_chunk: 80000000, work_chunk_size: 80000116, nseq: 547946
	[0000][ M::kt_pipeline] read 547946 sequences (80000116 bp)...
[0000] 3. Calling kt_for - worker_sam
	[0000][ M::mem_process_seqs] Processed 547946 reads in 103.505 CPU sec, 13.884 real sec
[0000] Calling mem_process_seqs.., task: 94
[0000] 1. Calling kt_for - worker_bwt
[0000] 2. Calling kt_for - worker_aln
[0000] read_chunk: 80000000, work_chunk_size: 80000116, nseq: 547946
	[0000][ M::kt_pipeline] read 547946 sequences (80000116 bp)...
[0000] 3. Calling kt_for - worker_sam
	[0000][ M::mem_process_seqs] Processed 547946 reads in 91.373 CPU sec, 12.095 real sec
[0000] Calling mem_process_seqs.., task: 95
[0000] 1. Calling kt_for - worker_bwt
[0000] 2. Calling kt_for - worker_aln
[0000] read_chunk: 80000000, work_chunk_size: 80000116, nseq: 547946
	[0000][ M::kt_pipeline] read 547946 sequences (80000116 bp)...
[0000] 3. Calling kt_for - worker_sam
	[0000][ M::mem_process_seqs] Processed 547946 reads in 97.383 CPU sec, 12.927 real sec
[0000] Calling mem_process_seqs.., task: 96
[0000] 1. Calling kt_for - worker_bwt
[0000] 2. Calling kt_for - worker_aln
[0000] read_chunk: 80000000, work_chunk_size: 80000116, nseq: 547946
	[0000][ M::kt_pipeline] read 547946 sequences (80000116 bp)...
[0000] 3. Calling kt_for - worker_sam
	[0000][ M::mem_process_seqs] Processed 547946 reads in 83.507 CPU sec, 10.488 real sec
[0000] Calling mem_process_seqs.., task: 97
[0000] 1. Calling kt_for - worker_bwt
[0000] 2. Calling kt_for - worker_aln
[0000] read_chunk: 80000000, work_chunk_size: 80000116, nseq: 547946
	[0000][ M::kt_pipeline] read 547946 sequences (80000116 bp)...
[0000] 3. Calling kt_for - worker_sam
	[0000][ M::mem_process_seqs] Processed 547946 reads in 93.659 CPU sec, 11.619 real sec
[0000] Calling mem_process_seqs.., task: 98
[0000] 1. Calling kt_for - worker_bwt
[0000] 2. Calling kt_for - worker_aln
[0000] read_chunk: 80000000, work_chunk_size: 80000116, nseq: 547946
	[0000][ M::kt_pipeline] read 547946 sequences (80000116 bp)...
[0000] 3. Calling kt_for - worker_sam
	[0000][ M::mem_process_seqs] Processed 547946 reads in 82.316 CPU sec, 10.221 real sec
[0000] Calling mem_process_seqs.., task: 99
[0000] 1. Calling kt_for - worker_bwt
[0000] 2. Calling kt_for - worker_aln
[0000] read_chunk: 80000000, work_chunk_size: 80000116, nseq: 547946
	[0000][ M::kt_pipeline] read 547946 sequences (80000116 bp)...
[0000] 3. Calling kt_for - worker_sam
	[0000][ M::mem_process_seqs] Processed 547946 reads in 92.973 CPU sec, 11.570 real sec
[0000] Calling mem_process_seqs.., task: 100
[0000] 1. Calling kt_for - worker_bwt
[0000] 2. Calling kt_for - worker_aln
[0000] read_chunk: 80000000, work_chunk_size: 80000116, nseq: 547946
	[0000][ M::kt_pipeline] read 547946 sequences (80000116 bp)...
[0000] 3. Calling kt_for - worker_sam
	[0000][ M::mem_process_seqs] Processed 547946 reads in 92.340 CPU sec, 11.437 real sec
[0000] Calling mem_process_seqs.., task: 101
[0000] 1. Calling kt_for - worker_bwt
[0000] 2. Calling kt_for - worker_aln
[0000] read_chunk: 80000000, work_chunk_size: 80000116, nseq: 547946
	[0000][ M::kt_pipeline] read 547946 sequences (80000116 bp)...
[0000] 3. Calling kt_for - worker_sam
	[0000][ M::mem_process_seqs] Processed 547946 reads in 95.481 CPU sec, 11.884 real sec
[0000] Calling mem_process_seqs.., task: 102
[0000] 1. Calling kt_for - worker_bwt
[0000] 2. Calling kt_for - worker_aln
[0000] read_chunk: 80000000, work_chunk_size: 80000116, nseq: 547946
	[0000][ M::kt_pipeline] read 547946 sequences (80000116 bp)...
[0000] 3. Calling kt_for - worker_sam
	[0000][ M::mem_process_seqs] Processed 547946 reads in 75.767 CPU sec, 9.347 real sec
[0000] Calling mem_process_seqs.., task: 103
[0000] 1. Calling kt_for - worker_bwt
[0000] 2. Calling kt_for - worker_aln
[0000] read_chunk: 80000000, work_chunk_size: 80000116, nseq: 547946
	[0000][ M::kt_pipeline] read 547946 sequences (80000116 bp)...
[0000] 3. Calling kt_for - worker_sam
	[0000][ M::mem_process_seqs] Processed 547946 reads in 80.914 CPU sec, 10.017 real sec
[0000] Calling mem_process_seqs.., task: 104
[0000] 1. Calling kt_for - worker_bwt
[0000] 2. Calling kt_for - worker_aln
[0000] read_chunk: 80000000, work_chunk_size: 80000116, nseq: 547946
	[0000][ M::kt_pipeline] read 547946 sequences (80000116 bp)...
[0000] 3. Calling kt_for - worker_sam
	[0000][ M::mem_process_seqs] Processed 547946 reads in 85.494 CPU sec, 10.610 real sec
[0000] Calling mem_process_seqs.., task: 105
[0000] 1. Calling kt_for - worker_bwt
[0000] 2. Calling kt_for - worker_aln
[0000] read_chunk: 80000000, work_chunk_size: 80000116, nseq: 547946
	[0000][ M::kt_pipeline] read 547946 sequences (80000116 bp)...
[0000] 3. Calling kt_for - worker_sam
	[0000][ M::mem_process_seqs] Processed 547946 reads in 75.119 CPU sec, 9.299 real sec
[0000] Calling mem_process_seqs.., task: 106
[0000] 1. Calling kt_for - worker_bwt
[0000] 2. Calling kt_for - worker_aln
[0000] read_chunk: 80000000, work_chunk_size: 80000116, nseq: 547946
	[0000][ M::kt_pipeline] read 547946 sequences (80000116 bp)...
[0000] 3. Calling kt_for - worker_sam
	[0000][ M::mem_process_seqs] Processed 547946 reads in 61.885 CPU sec, 7.653 real sec
[0000] Calling mem_process_seqs.., task: 107
[0000] 1. Calling kt_for - worker_bwt
[0000] 2. Calling kt_for - worker_aln
[0000] read_chunk: 80000000, work_chunk_size: 80000116, nseq: 547946
	[0000][ M::kt_pipeline] read 547946 sequences (80000116 bp)...
[0000] 3. Calling kt_for - worker_sam
	[0000][ M::mem_process_seqs] Processed 547946 reads in 58.739 CPU sec, 7.212 real sec
[0000] Calling mem_process_seqs.., task: 108
[0000] 1. Calling kt_for - worker_bwt
[0000] 2. Calling kt_for - worker_aln
[0000] read_chunk: 80000000, work_chunk_size: 80000116, nseq: 547946
	[0000][ M::kt_pipeline] read 547946 sequences (80000116 bp)...
[0000] 3. Calling kt_for - worker_sam
	[0000][ M::mem_process_seqs] Processed 547946 reads in 58.662 CPU sec, 7.256 real sec
[0000] Calling mem_process_seqs.., task: 109
[0000] 1. Calling kt_for - worker_bwt
[0000] 2. Calling kt_for - worker_aln
[0000] read_chunk: 80000000, work_chunk_size: 80000116, nseq: 547946
	[0000][ M::kt_pipeline] read 547946 sequences (80000116 bp)...
[0000] 3. Calling kt_for - worker_sam
	[0000][ M::mem_process_seqs] Processed 547946 reads in 60.746 CPU sec, 7.507 real sec
[0000] Calling mem_process_seqs.., task: 110
[0000] 1. Calling kt_for - worker_bwt
[0000] 2. Calling kt_for - worker_aln
[0000] read_chunk: 80000000, work_chunk_size: 80000116, nseq: 547946
	[0000][ M::kt_pipeline] read 547946 sequences (80000116 bp)...
[0000] 3. Calling kt_for - worker_sam
	[0000][ M::mem_process_seqs] Processed 547946 reads in 60.269 CPU sec, 7.456 real sec
[0000] Calling mem_process_seqs.., task: 111
[0000] 1. Calling kt_for - worker_bwt
[0000] 2. Calling kt_for - worker_aln
[0000] read_chunk: 80000000, work_chunk_size: 80000116, nseq: 547946
	[0000][ M::kt_pipeline] read 547946 sequences (80000116 bp)...
[0000] 3. Calling kt_for - worker_sam
	[0000][ M::mem_process_seqs] Processed 547946 reads in 58.133 CPU sec, 7.156 real sec
[0000] Calling mem_process_seqs.., task: 112
[0000] 1. Calling kt_for - worker_bwt
[0000] 2. Calling kt_for - worker_aln
[0000] read_chunk: 80000000, work_chunk_size: 80000116, nseq: 547946
	[0000][ M::kt_pipeline] read 547946 sequences (80000116 bp)...
[0000] 3. Calling kt_for - worker_sam
	[0000][ M::mem_process_seqs] Processed 547946 reads in 60.440 CPU sec, 7.492 real sec
[0000] Calling mem_process_seqs.., task: 113
[0000] 1. Calling kt_for - worker_bwt
[0000] 2. Calling kt_for - worker_aln
[0000] read_chunk: 80000000, work_chunk_size: 80000116, nseq: 547946
	[0000][ M::kt_pipeline] read 547946 sequences (80000116 bp)...
[0000] 3. Calling kt_for - worker_sam
	[0000][ M::mem_process_seqs] Processed 547946 reads in 59.499 CPU sec, 7.370 real sec
[0000] Calling mem_process_seqs.., task: 114
[0000] 1. Calling kt_for - worker_bwt
[0000] read_chunk: 80000000, work_chunk_size: 38150092, nseq: 261302
	[0000][ M::kt_pipeline] read 261302 sequences (38150092 bp)...
[0000] 2. Calling kt_for - worker_aln
[0000] 3. Calling kt_for - worker_sam
	[0000][ M::mem_process_seqs] Processed 547946 reads in 56.609 CPU sec, 7.039 real sec
[0000] Calling mem_process_seqs.., task: 115
[0000] 1. Calling kt_for - worker_bwt
[0000] 2. Calling kt_for - worker_aln
[0000] read_chunk: 80000000, work_chunk_size: 0, nseq: 0
[0000] 3. Calling kt_for - worker_sam
	[0000][ M::mem_process_seqs] Processed 261302 reads in 27.822 CPU sec, 3.478 real sec
[0000] read_chunk: 80000000, work_chunk_size: 0, nseq: 0
[0000] Computation ends..
No. of OMP threads: 8
Processor is running @3187.301484 MHz
Runtime profile:

	Time taken for main_mem function: 1472.46 sec

	IO times (sec) :
	Reading IO time (reads) avg: 126.10, (126.10, 126.10)
	Writing IO time (SAM) avg: 577.00, (577.00, 577.00)
	Reading IO time (Reference Genome) avg: 0.15, (0.15, 0.15)
	Index read time avg: 0.25, (0.25, 0.25)

	Overall time (sec) (Excluding Index reading time):
	PROCESS() (Total compute time + (read + SAM) IO time) : 1472.04
	MEM_PROCESS_SEQ() (Total compute time (Kernel + SAM)), avg: 1469.63, (1469.63, 1469.63)

	 SAM Processing time (sec):
	--WORKER_SAM avg: 122.01, (122.01, 122.01)

	Kernels' compute time (sec):
	Total kernel (smem+sal+bsw) time avg: 1347.61, (1347.61, 1347.61)
		SMEM compute avg: 408.52, (409.28, 408.06)
		SAL compute avg: 80.26, (80.62, 80.03)
				MEM_SA avg: 45.12, (45.30, 44.91)

		BSW time, avg: 818.21, (818.72, 817.80)

Important parameter settings: 
	BATCH_SIZE: 512
	MAX_SEQ_LEN_REF: 256
	MAX_SEQ_LEN_QER: 128
	MAX_SEQ_LEN8: 128
	SEEDS_PER_READ: 500
	SIMD_WIDTH8 X: 32
	SIMD_WIDTH16 X: 16
	AVG_SEEDS_PER_READ: 64
